Archive member included because of file (symbol)

c:/freescale/kds_v3/toolchain/bin/../lib/gcc/arm-none-eabi/4.8.4/../../../../arm-none-eabi/lib/armv7e-m/fpu\libg_s.a(lib_a-exit.o)
                              c:/freescale/kds_v3/toolchain/bin/../lib/gcc/arm-none-eabi/4.8.4/../../../../arm-none-eabi/lib/armv7e-m/fpu/crt0.o (exit)
c:/freescale/kds_v3/toolchain/bin/../lib/gcc/arm-none-eabi/4.8.4/../../../../arm-none-eabi/lib/armv7e-m/fpu\libg_s.a(lib_a-impure.o)
                              c:/freescale/kds_v3/toolchain/bin/../lib/gcc/arm-none-eabi/4.8.4/../../../../arm-none-eabi/lib/armv7e-m/fpu\libg_s.a(lib_a-exit.o) (_global_impure_ptr)
c:/freescale/kds_v3/toolchain/bin/../lib/gcc/arm-none-eabi/4.8.4/../../../../arm-none-eabi/lib/armv7e-m/fpu\libg_s.a(lib_a-init.o)
                              c:/freescale/kds_v3/toolchain/bin/../lib/gcc/arm-none-eabi/4.8.4/../../../../arm-none-eabi/lib/armv7e-m/fpu/crt0.o (__libc_init_array)
c:/freescale/kds_v3/toolchain/bin/../lib/gcc/arm-none-eabi/4.8.4/../../../../arm-none-eabi/lib/armv7e-m/fpu\libg_s.a(lib_a-memcmp.o)
                              ./wifi_qca/custom_src/api_interface/cust_api_wmi_rx.o (memcmp)
c:/freescale/kds_v3/toolchain/bin/../lib/gcc/arm-none-eabi/4.8.4/../../../../arm-none-eabi/lib/armv7e-m/fpu\libg_s.a(lib_a-memcpy-stub.o)
                              ./wifi_qca/custom_src/stack_custom/cust_api_stack_offload.o (memcpy)
c:/freescale/kds_v3/toolchain/bin/../lib/gcc/arm-none-eabi/4.8.4/../../../../arm-none-eabi/lib/armv7e-m/fpu\libg_s.a(lib_a-memmove.o)
                              ./wifi_qca/custom_src/stack_custom/cust_api_stack_offload.o (memmove)
c:/freescale/kds_v3/toolchain/bin/../lib/gcc/arm-none-eabi/4.8.4/../../../../arm-none-eabi/lib/armv7e-m/fpu\libg_s.a(lib_a-memset.o)
                              c:/freescale/kds_v3/toolchain/bin/../lib/gcc/arm-none-eabi/4.8.4/../../../../arm-none-eabi/lib/armv7e-m/fpu/crt0.o (memset)
c:/freescale/kds_v3/toolchain/bin/../lib/gcc/arm-none-eabi/4.8.4/../../../../arm-none-eabi/lib/armv7e-m/fpu\libg_s.a(lib_a-puts.o)
                              ./wifi_qca/custom_src/api_interface/cust_api_ioctl.o (puts)
c:/freescale/kds_v3/toolchain/bin/../lib/gcc/arm-none-eabi/4.8.4/../../../../arm-none-eabi/lib/armv7e-m/fpu\libg_s.a(lib_a-sprintf.o)
                              ./wifi_qca/custom_src/api_interface/cust_api_ioctl.o (sprintf)
c:/freescale/kds_v3/toolchain/bin/../lib/gcc/arm-none-eabi/4.8.4/../../../../arm-none-eabi/lib/armv7e-m/fpu\libg_s.a(lib_a-strcmp.o)
                              ./wifi_qca/custom_src/api_interface/cust_api_ioctl.o (strcmp)
c:/freescale/kds_v3/toolchain/bin/../lib/gcc/arm-none-eabi/4.8.4/../../../../arm-none-eabi/lib/armv7e-m/fpu\libg_s.a(lib_a-strcpy.o)
                              ./wifi_qca/common_src/stack_common/api_stack_offload.o (strcpy)
c:/freescale/kds_v3/toolchain/bin/../lib/gcc/arm-none-eabi/4.8.4/../../../../arm-none-eabi/lib/armv7e-m/fpu\libg_s.a(lib_a-strlen.o)
                              ./wifi_qca/custom_src/qapi/custom_qcom_api.o (strlen)
c:/freescale/kds_v3/toolchain/bin/../lib/gcc/arm-none-eabi/4.8.4/../../../../arm-none-eabi/lib/armv7e-m/fpu\libg_s.a(lib_a-strncpy.o)
                              ./wifi_qca/common_src/stack_common/api_stack_offload.o (strncpy)
c:/freescale/kds_v3/toolchain/bin/../lib/gcc/arm-none-eabi/4.8.4/../../../../arm-none-eabi/lib/armv7e-m/fpu\libg_s.a(lib_a-svfprintf.o)
                              c:/freescale/kds_v3/toolchain/bin/../lib/gcc/arm-none-eabi/4.8.4/../../../../arm-none-eabi/lib/armv7e-m/fpu\libg_s.a(lib_a-sprintf.o) (_svfprintf_r)
c:/freescale/kds_v3/toolchain/bin/../lib/gcc/arm-none-eabi/4.8.4/../../../../arm-none-eabi/lib/armv7e-m/fpu\libg_s.a(lib_a-vfprintf_i.o)
                              c:/freescale/kds_v3/toolchain/bin/../lib/gcc/arm-none-eabi/4.8.4/../../../../arm-none-eabi/lib/armv7e-m/fpu\libg_s.a(lib_a-svfprintf.o) (_printf_i)
c:/freescale/kds_v3/toolchain/bin/../lib/gcc/arm-none-eabi/4.8.4/../../../../arm-none-eabi/lib/armv7e-m/fpu\libg_s.a(lib_a-wbuf.o)
                              c:/freescale/kds_v3/toolchain/bin/../lib/gcc/arm-none-eabi/4.8.4/../../../../arm-none-eabi/lib/armv7e-m/fpu\libg_s.a(lib_a-puts.o) (__swbuf_r)
c:/freescale/kds_v3/toolchain/bin/../lib/gcc/arm-none-eabi/4.8.4/../../../../arm-none-eabi/lib/armv7e-m/fpu\libg_s.a(lib_a-wsetup.o)
                              c:/freescale/kds_v3/toolchain/bin/../lib/gcc/arm-none-eabi/4.8.4/../../../../arm-none-eabi/lib/armv7e-m/fpu\libg_s.a(lib_a-puts.o) (__swsetup_r)
c:/freescale/kds_v3/toolchain/bin/../lib/gcc/arm-none-eabi/4.8.4/../../../../arm-none-eabi/lib/armv7e-m/fpu\libg_s.a(lib_a-fflush.o)
                              c:/freescale/kds_v3/toolchain/bin/../lib/gcc/arm-none-eabi/4.8.4/../../../../arm-none-eabi/lib/armv7e-m/fpu\libg_s.a(lib_a-wbuf.o) (_fflush_r)
c:/freescale/kds_v3/toolchain/bin/../lib/gcc/arm-none-eabi/4.8.4/../../../../arm-none-eabi/lib/armv7e-m/fpu\libg_s.a(lib_a-findfp.o)
[...]
Memory Configuration

Name             Origin             Length             Attributes
m_interrupts     0x00000000         0x00000400         xr
m_flash_config   0x00000400         0x00000010         xr
m_text           0x00000410         0x0007fbf0         xr
m_data           0x1fff0000         0x00010000         rw
m_data_2         0x20000000         0x00010000         rw
*default*        0x00000000         0xffffffff

Linker script and memory map

LOAD c:/freescale/kds_v3/toolchain/bin/../lib/gcc/arm-none-eabi/4.8.4/armv7e-m/fpu/crti.o
LOAD c:/freescale/kds_v3/toolchain/bin/../lib/gcc/arm-none-eabi/4.8.4/armv7e-m/fpu/crtbegin.o
LOAD c:/freescale/kds_v3/toolchain/bin/../lib/gcc/arm-none-eabi/4.8.4/../../../../arm-none-eabi/lib/armv7e-m/fpu/crt0.o
LOAD ./wifi_qca/port/env/freertos/wifi_env.o
LOAD ./wifi_qca/port/drivers/dspi_edma_freertos/wifi_spi.o
LOAD ./wifi_qca/port/boards/frdmk22f/freertos/wifi_shield.o
LOAD ./wifi_qca/custom_src/stack_custom/cust_api_stack_offload.o
LOAD ./wifi_qca/custom_src/stack_custom/cust_api_stack_txrx.o
LOAD ./wifi_qca/custom_src/qapi/custom_qcom_api.o
LOAD ./wifi_qca/custom_src/hw_interface/cust_spi_hcd.o
LOAD ./wifi_qca/custom_src/driver/cust_driver_main.o
LOAD ./wifi_qca/custom_src/driver/cust_driver_netbuf.o
LOAD ./wifi_qca/custom_src/api_interface/cust_api_init.o
LOAD ./wifi_qca/custom_src/api_interface/cust_api_ioctl.o
LOAD ./wifi_qca/custom_src/api_interface/cust_api_txrx.o
LOAD ./wifi_qca/custom_src/api_interface/cust_api_wmi_rx.o
LOAD ./wifi_qca/common_src/wmi/wmi.o
LOAD ./wifi_qca/common_src/util/util.o
LOAD ./wifi_qca/common_src/storerecall/dset.o
LOAD ./wifi_qca/common_src/storerecall/dset_api.o
LOAD ./wifi_qca/common_src/storerecall/storerecall.o
LOAD ./wifi_qca/common_src/stack_common/api_stack_offload.o
LOAD ./wifi_qca/common_src/reorder/rcv_aggr.o
LOAD ./wifi_qca/common_src/qapi/qcom_api.o
LOAD ./wifi_qca/common_src/qapi/qcom_legacy.o
LOAD ./wifi_qca/common_src/hw_interface/hw_api.o
LOAD ./wifi_qca/common_src/htc/htc.o
LOAD ./wifi_qca/common_src/hcd/spi_hcd.o
LOAD ./wifi_qca/common_src/driver/driver_diag.o
LOAD ./wifi_qca/common_src/driver/driver_init.o
LOAD ./wifi_qca/common_src/driver/driver_main.o
LOAD ./wifi_qca/common_src/driver/driver_netbuf.o
LOAD ./wifi_qca/common_src/driver/driver_txrx.o
LOAD ./wifi_qca/common_src/bmi/bmi.o
LOAD ./wifi_qca/common_src/api_interface/api_init.o
LOAD ./wifi_qca/common_src/api_interface/api_ioctl.o
LOAD ./wifi_qca/common_src/api_interface/api_txrx.o
LOAD ./wifi_qca/common_src/api_interface/api_wmi_rx.o
LOAD ./utilities/fsl_debug_console.o
LOAD ./startup/startup_MK22F51212.o
LOAD ./source/main.o
LOAD ./source/wlan_qca400x.o
LOAD ./source/wlan_qcom.o
LOAD ./freertos/croutine.o
LOAD ./freertos/event_groups.o
LOAD ./freertos/fsl_tickless_lptmr.o
LOAD ./freertos/fsl_tickless_systick.o
LOAD ./freertos/heap_4.o
LOAD ./freertos/list.o
LOAD ./freertos/port.o
LOAD ./freertos/queue.o
LOAD ./freertos/tasks.o
LOAD ./freertos/timers.o
LOAD ./drivers/fsl_clock.o
LOAD ./drivers/fsl_common.o
LOAD ./drivers/fsl_dmamux.o
LOAD ./drivers/fsl_dspi.o
LOAD ./drivers/fsl_dspi_edma.o
LOAD ./drivers/fsl_dspi_freertos.o
LOAD ./drivers/fsl_edma.o
LOAD ./drivers/fsl_flash.o
LOAD ./drivers/fsl_gpio.o
LOAD ./drivers/fsl_lpuart.o
LOAD ./drivers/fsl_lpuart_freertos.o
LOAD ./drivers/fsl_smc.o
LOAD ./drivers/fsl_uart.o
LOAD ./drivers/fsl_uart_freertos.o
LOAD ./board/board.o
LOAD ./board/clock_config.o
LOAD ./board/pin_mux.o
LOAD ./CMSIS/system_MK22F51212.o
LOAD c:/freescale/kds_v3/toolchain/bin/../lib/gcc/arm-none-eabi/4.8.4/../../../../arm-none-eabi/lib/armv7e-m/fpu\libstdc++_s.a
LOAD c:/freescale/kds_v3/toolchain/bin/../lib/gcc/arm-none-eabi/4.8.4/../../../../arm-none-eabi/lib/armv7e-m/fpu\libm.a
START GROUP
LOAD c:/freescale/kds_v3/toolchain/bin/../lib/gcc/arm-none-eabi/4.8.4/armv7e-m/fpu\libgcc.a
LOAD c:/freescale/kds_v3/toolchain/bin/../lib/gcc/arm-none-eabi/4.8.4/../../../../arm-none-eabi/lib/armv7e-m/fpu\libg_s.a
LOAD c:/freescale/kds_v3/toolchain/bin/../lib/gcc/arm-none-eabi/4.8.4/../../../../arm-none-eabi/lib/armv7e-m/fpu\libc_s.a
END GROUP
START GROUP
LOAD c:/freescale/kds_v3/toolchain/bin/../lib/gcc/arm-none-eabi/4.8.4/armv7e-m/fpu\libgcc.a
LOAD c:/freescale/kds_v3/toolchain/bin/../lib/gcc/arm-none-eabi/4.8.4/../../../../arm-none-eabi/lib/armv7e-m/fpu\libc_s.a
LOAD c:/freescale/kds_v3/toolchain/bin/../lib/gcc/arm-none-eabi/4.8.4/../../../../arm-none-eabi/lib/armv7e-m/fpu\libnosys.a
END GROUP
START GROUP
LOAD c:/freescale/kds_v3/toolchain/bin/../lib/gcc/arm-none-eabi/4.8.4/armv7e-m/fpu\libgcc.a
LOAD c:/freescale/kds_v3/toolchain/bin/../lib/gcc/arm-none-eabi/4.8.4/../../../../arm-none-eabi/lib/armv7e-m/fpu\libc_s.a
LOAD c:/freescale/kds_v3/toolchain/bin/../lib/gcc/arm-none-eabi/4.8.4/../../../../arm-none-eabi/lib/armv7e-m/fpu\libnosys.a
END GROUP
LOAD c:/freescale/kds_v3/toolchain/bin/../lib/gcc/arm-none-eabi/4.8.4/armv7e-m/fpu/crtend.o
LOAD c:/freescale/kds_v3/toolchain/bin/../lib/gcc/arm-none-eabi/4.8.4/armv7e-m/fpu/crtn.o
                0x00000400                HEAP_SIZE = DEFINED (__heap_size__)?__heap_size__:0x400
                0x00000400                STACK_SIZE = DEFINED (__stack_size__)?__stack_size__:0x400
                0x00000000                M_VECTOR_RAM_SIZE = DEFINED (__ram_vector_table__)?0x400:0x0

.interrupts     0x00000000      0x400
                0x00000000                __VECTOR_TABLE = .
                0x00000000                . = ALIGN (0x4)
 *(.isr_vector)
 .isr_vector    0x00000000      0x400 ./startup/startup_MK22F51212.o
                0x00000000                __isr_vector
                0x00000400                . = ALIGN (0x4)

.flash_config   0x00000400       0x10
                0x00000400                . = ALIGN (0x4)
 *(.FlashConfig)
 .FlashConfig   0x00000400       0x10 ./startup/startup_MK22F51212.o
                0x00000410                . = ALIGN (0x4)

.text           0x00000410    0x1d3d0
                0x00000410                . = ALIGN (0x4)
 *(.text)
 .text          0x00000410       0x54 c:/freescale/kds_v3/toolchain/bin/../lib/gcc/arm-none-eabi/4.8.4/armv7e-m/fpu/crtbegin.o
 .text          0x00000464       0x74 c:/freescale/kds_v3/toolchain/bin/../lib/gcc/arm-none-eabi/4.8.4/../../../../arm-none-eabi/lib/armv7e-m/fpu/crt0.o
                0x00000464                _start
                0x00000464                _mainCRTStartup
 .text          0x000004d8      0x164 ./startup/startup_MK22F51212.o
                0x000004d8                Reset_Handler
                0x00000520                Reserved54_IRQHandler
                0x00000520                DebugMon_Handler
                0x00000520                FTF_IRQHandler
                0x00000520                DAC0_IRQHandler
                0x00000520                Reserved86_IRQHandler
                0x00000520                Reserved85_IRQHandler
                0x00000520                DMA_Error_DriverIRQHandler
                0x00000520                Reserved94_IRQHandler
                0x00000520                CMP0_IRQHandler
                0x00000520                I2C0_DriverIRQHandler
                0x00000520                Reserved93_IRQHandler
                0x00000520                Reserved99_IRQHandler
                0x00000520                PIT0_IRQHandler
                0x00000520                LLWU_IRQHandler
                0x00000520                I2S0_Tx_DriverIRQHandler
                0x00000520                Reserved84_IRQHandler
                0x00000520                Reserved92_IRQHandler
                0x00000520                UART1_ERR_DriverIRQHandler
                0x00000520                SWI_IRQHandler
                0x00000520                ADC0_IRQHandler
                0x00000520                UsageFault_Handler
                0x00000520                BusFault_Handler
                0x00000520                LPTMR0_IRQHandler
                0x00000520                DefaultISR
                0x00000520                FTM2_IRQHandler
                0x00000520                PORTE_IRQHandler
                0x00000520                Reserved82_IRQHandler
                0x00000520                CMP1_IRQHandler
                0x00000520                Reserved71_IRQHandler
                0x00000520                PORTD_IRQHandler
                0x00000520                PORTB_IRQHandler
                0x00000520                UART2_ERR_DriverIRQHandler
                0x00000520                Reserved70_IRQHandler
                0x00000520                ADC1_IRQHandler
                0x00000520                PIT2_IRQHandler
                0x00000520                FTM3_IRQHandler
                0x00000520                Reserved53_IRQHandler
                0x00000520                MCM_IRQHandler
                0x00000520                RTC_IRQHandler
                0x00000520                PDB0_IRQHandler
                0x00000520                Reserved96_IRQHandler
                0x00000520                FTM1_IRQHandler
                0x00000520                Reserved61_IRQHandler
                0x00000520                Reserved95_IRQHandler
                0x00000520                PIT3_IRQHandler
                0x00000520                RTC_Seconds_IRQHandler
                0x00000520                MCG_IRQHandler
                0x00000520                UART0_ERR_DriverIRQHandler
                0x00000520                DAC1_IRQHandler
                0x00000520                PIT1_IRQHandler
                0x00000520                Read_Collision_IRQHandler
                0x00000520                Reserved98_IRQHandler
                0x00000520                PORTA_IRQHandler
                0x00000520                I2S0_Rx_DriverIRQHandler
                0x00000520                Reserved101_IRQHandler
                0x00000520                USB0_IRQHandler
                0x00000520                WDOG_EWM_IRQHandler
                0x00000520                MemManage_Handler
                0x00000520                Reserved90_IRQHandler
                0x00000520                Reserved83_IRQHandler
                0x00000520                FTM0_IRQHandler
                0x00000520                LVD_LVW_IRQHandler
                0x00000520                Reserved100_IRQHandler
                0x00000520                RNG_IRQHandler
                0x00000520                Reserved91_IRQHandler
                0x00000520                Reserved97_IRQHandler
                0x00000520                I2C1_DriverIRQHandler
                0x00000520                Reserved81_IRQHandler
                0x00000524                NMI_Handler
                0x00000528                HardFault_Handler
                0x00000538                DMA0_IRQHandler
                0x0000053c                DMA1_IRQHandler
                0x00000540                DMA2_IRQHandler
                0x00000544                DMA3_IRQHandler
                0x00000548                DMA4_IRQHandler
                0x0000054c                DMA5_IRQHandler
                0x00000550                DMA6_IRQHandler
                0x00000554                DMA7_IRQHandler
                0x00000558                DMA8_IRQHandler
                0x0000055c                DMA9_IRQHandler
                0x00000560                DMA10_IRQHandler
                0x00000564                DMA11_IRQHandler
                0x00000568                DMA12_IRQHandler
                0x0000056c                DMA13_IRQHandler
                0x00000570                DMA14_IRQHandler
                0x00000574                DMA15_IRQHandler
                0x00000578                DMA_Error_IRQHandler
                0x0000057c                I2C0_IRQHandler
                0x00000580                I2C1_IRQHandler
                0x00000584                SPI0_IRQHandler
                0x00000588                SPI1_IRQHandler
                0x0000058c                I2S0_Tx_IRQHandler
                0x00000590                I2S0_Rx_IRQHandler
                0x00000594                LPUART0_IRQHandler
                0x00000598                UART0_RX_TX_IRQHandler
                0x0000059c                UART0_ERR_IRQHandler
                0x000005a0                UART1_RX_TX_IRQHandler
                0x000005a4                UART1_ERR_IRQHandler
                0x000005a8                UART2_RX_TX_IRQHandler
                0x000005ac                UART2_ERR_IRQHandler
 .text          0x0000063c       0x14 c:/freescale/kds_v3/toolchain/bin/../lib/gcc/arm-none-eabi/4.8.4/../../../../arm-none-eabi/lib/armv7e-m/fpu\libg_s.a(lib_a-strcmp.o)
                0x0000063c                strcmp
 *(.text*)
 .text.a_free   0x00000650       0x18 ./wifi_qca/port/env/freertos/wifi_env.o
                0x00000650                a_free
 .text.a_malloc
                0x00000668       0x54 ./wifi_qca/port/env/freertos/wifi_env.o
                0x00000668                a_malloc
 .text.a_mutex_init
                0x000006bc       0x4c ./wifi_qca/port/env/freertos/wifi_env.o
                0x000006bc                a_mutex_init
 .text.a_mutex_acquire
                0x00000708       0x68 ./wifi_qca/port/env/freertos/wifi_env.o
                0x00000708                a_mutex_acquire
 .text.a_mutex_release
                0x00000770       0x7c ./wifi_qca/port/env/freertos/wifi_env.o
                0x00000770                a_mutex_release
 .text.a_is_mutex_valid
                0x000007ec       0x18 ./wifi_qca/port/env/freertos/wifi_env.o
                0x000007ec                a_is_mutex_valid
 .text.a_mutex_delete
                0x00000804       0x54 ./wifi_qca/port/env/freertos/wifi_env.o
                0x00000804                a_mutex_delete
 .text.a_event_delete
                0x00000858       0x3c ./wifi_qca/port/env/freertos/wifi_env.o
                0x00000858                a_event_delete
 .text.a_event_init
                0x00000894       0x54 ./wifi_qca/port/env/freertos/wifi_env.o
                0x00000894                a_event_init
 .text.a_event_clear
                0x000008e8       0x5c ./wifi_qca/port/env/freertos/wifi_env.o
                0x000008e8                a_event_clear
 .text.a_event_set
                0x00000944       0x88 ./wifi_qca/port/env/freertos/wifi_env.o
                0x00000944                a_event_set
 .text.a_event_wait
                0x000009cc       0x88 ./wifi_qca/port/env/freertos/wifi_env.o
                0x000009cc                a_event_wait
 .text.a_time_get_msec
                0x00000a54       0x40 ./wifi_qca/port/env/freertos/wifi_env.o
                0x00000a54                a_time_get_msec
 .text.OSA_EnterCritical
                0x00000a94       0x88 ./wifi_qca/port/env/freertos/wifi_env.o
                0x00000a94                OSA_EnterCritical
 .text.OSA_ExitCritical
                0x00000b1c       0x74 ./wifi_qca/port/env/freertos/wifi_env.o
                0x00000b1c                OSA_ExitCritical
 .text.NVIC_SetPriority
                0x00000b90       0x54 ./wifi_qca/port/drivers/dspi_edma_freertos/wifi_spi.o
 .text.DMAMUX_EnableChannel
                0x00000be4       0x48 ./wifi_qca/port/drivers/dspi_edma_freertos/wifi_spi.o
 .text.DMAMUX_SetSource
                0x00000c2c       0x58 ./wifi_qca/port/drivers/dspi_edma_freertos/wifi_spi.o
 .text.EDMA_GetInstance
                0x00000c84       0x50 ./wifi_qca/port/drivers/dspi_edma_freertos/wifi_spi.o
 .text.DSPI_DMA_MasterUserCallback
                0x00000cd4       0x48 ./wifi_qca/port/drivers/dspi_edma_freertos/wifi_spi.o
 .text.DSPI_MasterUserCallback
                0x00000d1c       0x48 ./wifi_qca/port/drivers/dspi_edma_freertos/wifi_spi.o
 .text.WIFIDRVS_SPI_InitIRQMode
                0x00000d64       0x54 ./wifi_qca/port/drivers/dspi_edma_freertos/wifi_spi.o
 .text.WIFIDRVS_SPI_InitDMAMode
                0x00000db8      0x1a4 ./wifi_qca/port/drivers/dspi_edma_freertos/wifi_spi.o
 .text.WIFIDRVS_SPI_InitPeriph
                0x00000f5c       0xb0 ./wifi_qca/port/drivers/dspi_edma_freertos/wifi_spi.o
 .text.WIFIDRVS_SPI_DMA_Transfer
                0x0000100c       0x88 ./wifi_qca/port/drivers/dspi_edma_freertos/wifi_spi.o
 .text.WIFIDRVS_SPI_IRQ_Transfer
                0x00001094       0x88 ./wifi_qca/port/drivers/dspi_edma_freertos/wifi_spi.o
 .text.WIFIDRVS_SPI_Transfer
                0x0000111c       0xb4 ./wifi_qca/port/drivers/dspi_edma_freertos/wifi_spi.o
 .text.WIFIDRVS_SPI_Init
                0x000011d0      0x104 ./wifi_qca/port/drivers/dspi_edma_freertos/wifi_spi.o
                0x000011d0                WIFIDRVS_SPI_Init
 .text.WIFIDRVS_SPI_GetDefaultConfig
                0x000012d4       0x60 ./wifi_qca/port/drivers/dspi_edma_freertos/wifi_spi.o
                0x000012d4                WIFIDRVS_SPI_GetDefaultConfig
 .text.WIFIDRVS_SPI_GetSPIConfig
                0x00001334       0xc8 ./wifi_qca/port/drivers/dspi_edma_freertos/wifi_spi.o
                0x00001334                WIFIDRVS_SPI_GetSPIConfig
 .text.WIFIDRVS_SPI_InOutToken
                0x000013fc       0x90 ./wifi_qca/port/drivers/dspi_edma_freertos/wifi_spi.o
                0x000013fc                WIFIDRVS_SPI_InOutToken
 .text.WIFIDRVS_SPI_InOutBuffer
                0x0000148c       0xa4 ./wifi_qca/port/drivers/dspi_edma_freertos/wifi_spi.o
                0x0000148c                WIFIDRVS_SPI_InOutBuffer
 .text.NVIC_EnableIRQ
                0x00001530       0x30 ./wifi_qca/port/boards/frdmk22f/freertos/wifi_shield.o
 .text.NVIC_SetPriority
                0x00001560       0x54 ./wifi_qca/port/boards/frdmk22f/freertos/wifi_shield.o
 .text.PORT_SetPinInterruptConfig
                0x000015b4       0x38 ./wifi_qca/port/boards/frdmk22f/freertos/wifi_shield.o
 .text.GPIO_SetPinsOutput
                0x000015ec       0x1c ./wifi_qca/port/boards/frdmk22f/freertos/wifi_shield.o
 .text.GPIO_ClearPinsOutput
                0x00001608       0x1c ./wifi_qca/port/boards/frdmk22f/freertos/wifi_shield.o
 .text.WIFISHIELD_Init
                0x00001624       0x68 ./wifi_qca/port/boards/frdmk22f/freertos/wifi_shield.o
                0x00001624                WIFISHIELD_Init
 .text.WIFISHIELD_InitDrivers
                0x0000168c       0xdc ./wifi_qca/port/boards/frdmk22f/freertos/wifi_shield.o
                0x0000168c                WIFISHIELD_InitDrivers
 .text.WIFISHIELD_DeinitDrivers
                0x00001768       0x18 ./wifi_qca/port/boards/frdmk22f/freertos/wifi_shield.o
                0x00001768                WIFISHIELD_DeinitDrivers
 .text.WIFISHIELD_PowerUp
                0x00001780       0x34 ./wifi_qca/port/boards/frdmk22f/freertos/wifi_shield.o
                0x00001780                WIFISHIELD_PowerUp
 .text.WIFISHIELD_NotifyDriverTask
                0x000017b4       0x24 ./wifi_qca/port/boards/frdmk22f/freertos/wifi_shield.o
                0x000017b4                WIFISHIELD_NotifyDriverTask
 .text.PORTC_IRQHandler
                0x000017d8       0x30 ./wifi_qca/port/boards/frdmk22f/freertos/wifi_shield.o
                0x000017d8                PORTC_IRQHandler
 .text.t_socket
                0x00001808       0x4c ./wifi_qca/custom_src/stack_custom/cust_api_stack_offload.o
                0x00001808                t_socket
 .text.t_connect
                0x00001854       0x4c ./wifi_qca/custom_src/stack_custom/cust_api_stack_offload.o
                0x00001854                t_connect
 .text.t_ipconfig
                0x000018a0       0x64 ./wifi_qca/custom_src/stack_custom/cust_api_stack_offload.o
                0x000018a0                t_ipconfig
 .text.Custom_Api_Dhcps_Success_Callback_Event
                0x00001904       0x38 ./wifi_qca/custom_src/stack_custom/cust_api_stack_offload.o
                0x00001904                Custom_Api_Dhcps_Success_Callback_Event
 .text.Custom_Api_Dhcpc_Success_Callback_Event
                0x0000193c       0x38 ./wifi_qca/custom_src/stack_custom/cust_api_stack_offload.o
                0x0000193c                Custom_Api_Dhcpc_Success_Callback_Event
 .text.Custom_Api_Http_Post_Event
                0x00001974       0x40 ./wifi_qca/custom_src/stack_custom/cust_api_stack_offload.o
                0x00001974                Custom_Api_Http_Post_Event
 .text.custom_ip_resolve_hostname
                0x000019b4       0x48 ./wifi_qca/custom_src/stack_custom/cust_api_stack_offload.o
                0x000019b4                custom_ip_resolve_hostname
 .text.Custom_Api_Ota_Resp_Result
                0x000019fc       0x44 ./wifi_qca/custom_src/stack_custom/cust_api_stack_offload.o
                0x000019fc                Custom_Api_Ota_Resp_Result
 .text.txpkt_free
                0x00001a40       0x30 ./wifi_qca/custom_src/stack_custom/cust_api_stack_offload.o
                0x00001a40                txpkt_free
 .text.get_total_pkts_buffered
                0x00001a70       0x44 ./wifi_qca/custom_src/stack_custom/cust_api_stack_offload.o
                0x00001a70                get_total_pkts_buffered
 .text.Custom_Api_Send
                0x00001ab4       0x1c ./wifi_qca/custom_src/stack_custom/cust_api_stack_txrx.o
                0x00001ab4                Custom_Api_Send
 .text.custom_sock_is_pending
                0x00001ad0       0x3c ./wifi_qca/custom_src/stack_custom/cust_api_stack_txrx.o
                0x00001ad0                custom_sock_is_pending
 .text.custom_receive_tcpip
                0x00001b0c       0xd0 ./wifi_qca/custom_src/stack_custom/cust_api_stack_txrx.o
                0x00001b0c                custom_receive_tcpip
 .text.Custom_DeliverFrameToNetworkStack
                0x00001bdc       0x34 ./wifi_qca/custom_src/stack_custom/cust_api_stack_txrx.o
                0x00001bdc                Custom_DeliverFrameToNetworkStack
 .text.custom_qapi
                0x00001c10      0x40c ./wifi_qca/custom_src/qapi/custom_qcom_api.o
                0x00001c10                custom_qapi
 .text.Custom_FreeRxRequest
                0x0000201c       0x14 ./wifi_qca/custom_src/driver/cust_driver_main.o
 .text.Custom_GetRxRequest
                0x00002030       0x98 ./wifi_qca/custom_src/driver/cust_driver_main.o
                0x00002030                Custom_GetRxRequest
 .text.Custom_Driver_ContextDeInit
                0x000020c8       0x50 ./wifi_qca/custom_src/driver/cust_driver_main.o
                0x000020c8                Custom_Driver_ContextDeInit
 .text.Custom_Driver_ContextInit
                0x00002118      0x128 ./wifi_qca/custom_src/driver/cust_driver_main.o
                0x00002118                Custom_Driver_ContextInit
 .text.default_native_free_fn
                0x00002240       0x40 ./wifi_qca/custom_src/driver/cust_driver_netbuf.o
                0x00002240                default_native_free_fn
 .text.a_netbuf_init
                0x00002280       0x54 ./wifi_qca/custom_src/driver/cust_driver_netbuf.o
                0x00002280                a_netbuf_init
 .text.a_netbuf_alloc
                0x000022d4       0xac ./wifi_qca/custom_src/driver/cust_driver_netbuf.o
                0x000022d4                a_netbuf_alloc
 .text.a_netbuf_reinit
                0x00002380       0x70 ./wifi_qca/custom_src/driver/cust_driver_netbuf.o
                0x00002380                a_netbuf_reinit
 .text.a_netbuf_set_rx_pool
                0x000023f0       0x20 ./wifi_qca/custom_src/driver/cust_driver_netbuf.o
                0x000023f0                a_netbuf_set_rx_pool
 .text.a_netbuf_alloc_raw
                0x00002410       0x98 ./wifi_qca/custom_src/driver/cust_driver_netbuf.o
                0x00002410                a_netbuf_alloc_raw
 .text.a_netbuf_free
                0x000024a8       0x64 ./wifi_qca/custom_src/driver/cust_driver_netbuf.o
                0x000024a8                a_netbuf_free
 .text.a_netbuf_free_rx_pool
                0x0000250c       0x44 ./wifi_qca/custom_src/driver/cust_driver_netbuf.o
                0x0000250c                a_netbuf_free_rx_pool
 .text.a_netbuf_free_tx_pool
                0x00002550       0x14 ./wifi_qca/custom_src/driver/cust_driver_netbuf.o
                0x00002550                a_netbuf_free_tx_pool
 .text.a_netbuf_to_len
                0x00002564       0x8c ./wifi_qca/custom_src/driver/cust_driver_netbuf.o
                0x00002564                a_netbuf_to_len
 .text.a_netbuf_get_fragment
                0x000025f0       0x98 ./wifi_qca/custom_src/driver/cust_driver_netbuf.o
                0x000025f0                a_netbuf_get_fragment
 .text.a_netbuf_append_fragment
                0x00002688       0x64 ./wifi_qca/custom_src/driver/cust_driver_netbuf.o
                0x00002688                a_netbuf_append_fragment
 .text.a_netbuf_enqueue
                0x000026ec       0x4c ./wifi_qca/custom_src/driver/cust_driver_netbuf.o
                0x000026ec                a_netbuf_enqueue
 .text.a_netbuf_dequeue
                0x00002738       0x68 ./wifi_qca/custom_src/driver/cust_driver_netbuf.o
                0x00002738                a_netbuf_dequeue
 .text.a_netbuf_queue_init
                0x000027a0       0x28 ./wifi_qca/custom_src/driver/cust_driver_netbuf.o
                0x000027a0                a_netbuf_queue_init
 .text.a_netbuf_configure
                0x000027c8       0x50 ./wifi_qca/custom_src/driver/cust_driver_netbuf.o
                0x000027c8                a_netbuf_configure
 .text.a_netbuf_to_data
                0x00002818       0x18 ./wifi_qca/custom_src/driver/cust_driver_netbuf.o
                0x00002818                a_netbuf_to_data
 .text.a_netbuf_push
                0x00002830       0x58 ./wifi_qca/custom_src/driver/cust_driver_netbuf.o
                0x00002830                a_netbuf_push
 .text.a_netbuf_put
                0x00002888       0x58 ./wifi_qca/custom_src/driver/cust_driver_netbuf.o
                0x00002888                a_netbuf_put
 .text.a_netbuf_headroom
                0x000028e0       0x24 ./wifi_qca/custom_src/driver/cust_driver_netbuf.o
                0x000028e0                a_netbuf_headroom
 .text.a_netbuf_tailroom
                0x00002904       0x24 ./wifi_qca/custom_src/driver/cust_driver_netbuf.o
                0x00002904                a_netbuf_tailroom
 .text.a_netbuf_pull
                0x00002928       0x58 ./wifi_qca/custom_src/driver/cust_driver_netbuf.o
                0x00002928                a_netbuf_pull
 .text.a_netbuf_trim
                0x00002980       0x58 ./wifi_qca/custom_src/driver/cust_driver_netbuf.o
                0x00002980                a_netbuf_trim
 .text.Custom_Api_Readmii
                0x000029d8       0x10 ./wifi_qca/custom_src/api_interface/cust_api_init.o
 .text.Custom_Api_Writemii
                0x000029e8       0x10 ./wifi_qca/custom_src/api_interface/cust_api_init.o
 .text.Custom_Api_Join
                0x000029f8       0x18 ./wifi_qca/custom_src/api_interface/cust_api_init.o
 .text.Custom_Api_Rejoin
                0x00002a10       0x18 ./wifi_qca/custom_src/api_interface/cust_api_init.o
 .text.chip_state_ctrl
                0x00002a28       0x40 ./wifi_qca/custom_src/api_interface/cust_api_init.o
                0x00002a28                chip_state_ctrl
 .text.Custom_Api_Initialize
                0x00002a68      0x1a0 ./wifi_qca/custom_src/api_interface/cust_api_init.o
 .text.Custom_Api_Shutdown
                0x00002c08       0x5c ./wifi_qca/custom_src/api_interface/cust_api_init.o
 .text.Custom_Api_GetDriverCxt
                0x00002c64       0x24 ./wifi_qca/custom_src/api_interface/cust_api_init.o
                0x00002c64                Custom_Api_GetDriverCxt
 .text.config_dump_target_assert_info
                0x00002c88       0x68 ./wifi_qca/custom_src/api_interface/cust_api_ioctl.o
 .text.ath_ioctl_handler
                0x00002cf0     0x24f4 ./wifi_qca/custom_src/api_interface/cust_api_ioctl.o
                0x00002cf0                ath_ioctl_handler
 .text.Custom_Api_Mediactl
                0x000051e4      0x8bc ./wifi_qca/custom_src/api_interface/cust_api_ioctl.o
                0x000051e4                Custom_Api_Mediactl
 .text.fill_scan_info
                0x00005aa0      0x1f0 ./wifi_qca/custom_src/api_interface/cust_api_wmi_rx.o
 .text.fill_ext_scan_info
                0x00005c90      0x1fc ./wifi_qca/custom_src/api_interface/cust_api_wmi_rx.o
 .text.Custom_Api_BssInfoEvent
                0x00005e8c      0x224 ./wifi_qca/custom_src/api_interface/cust_api_wmi_rx.o
                0x00005e8c                Custom_Api_BssInfoEvent
 .text.Custom_Api_ConnectEvent
                0x000060b0       0x84 ./wifi_qca/custom_src/api_interface/cust_api_wmi_rx.o
                0x000060b0                Custom_Api_ConnectEvent
 .text.Custom_Api_DisconnectEvent
                0x00006134       0xc4 ./wifi_qca/custom_src/api_interface/cust_api_wmi_rx.o
                0x00006134                Custom_Api_DisconnectEvent
 .text.Custom_Api_ReadyEvent
                0x000061f8       0x30 ./wifi_qca/custom_src/api_interface/cust_api_wmi_rx.o
                0x000061f8                Custom_Api_ReadyEvent
 .text.Custom_Api_GpioDataEvent
                0x00006228       0x2c ./wifi_qca/custom_src/api_interface/cust_api_wmi_rx.o
                0x00006228                Custom_Api_GpioDataEvent
 .text.Custom_Api_PfmDataEvent
                0x00006254       0x2c ./wifi_qca/custom_src/api_interface/cust_api_wmi_rx.o
                0x00006254                Custom_Api_PfmDataEvent
 .text.Custom_Api_PfmDataDoneEvent
                0x00006280       0x30 ./wifi_qca/custom_src/api_interface/cust_api_wmi_rx.o
                0x00006280                Custom_Api_PfmDataDoneEvent
 .text.Custom_Api_RSNASuccessEvent
                0x000062b0       0x54 ./wifi_qca/custom_src/api_interface/cust_api_wmi_rx.o
                0x000062b0                Custom_Api_RSNASuccessEvent
 .text.Custom_Api_BitRateEvent_tx
                0x00006304       0x60 ./wifi_qca/custom_src/api_interface/cust_api_wmi_rx.o
                0x00006304                Custom_Api_BitRateEvent_tx
 .text.Custom_Api_ProbeReq_Event
                0x00006364       0x58 ./wifi_qca/custom_src/api_interface/cust_api_wmi_rx.o
                0x00006364                Custom_Api_ProbeReq_Event
 .text.wmi_init
                0x000063bc       0x48 ./wifi_qca/common_src/wmi/wmi.o
                0x000063bc                wmi_init
 .text.wmi_qos_state_init
                0x00006404       0x54 ./wifi_qca/common_src/wmi/wmi.o
                0x00006404                wmi_qos_state_init
 .text.wmi_set_control_ep
                0x00006458       0x3c ./wifi_qca/common_src/wmi/wmi.o
                0x00006458                wmi_set_control_ep
 .text.wmi_shutdown
                0x00006494       0x38 ./wifi_qca/common_src/wmi/wmi.o
                0x00006494                wmi_shutdown
 .text.wmi_meta_add
                0x000064cc      0x10c ./wifi_qca/common_src/wmi/wmi.o
                0x000064cc                wmi_meta_add
 .text.wmi_data_hdr_add
                0x000065d8       0xf8 ./wifi_qca/common_src/wmi/wmi.o
                0x000065d8                wmi_data_hdr_add
 .text.wmi_data_hdr_remove
                0x000066d0       0x3c ./wifi_qca/common_src/wmi/wmi.o
                0x000066d0                wmi_data_hdr_remove
 .text.wmi_test_ev_length
                0x0000670c       0x90 ./wifi_qca/common_src/wmi/wmi.o
 .text.wmi_control_rx_xtnd
                0x0000679c      0x114 ./wifi_qca/common_src/wmi/wmi.o
                0x0000679c                wmi_control_rx_xtnd
 .text.wmi_control_rx
                0x000068b0      0x85c ./wifi_qca/common_src/wmi/wmi.o
                0x000068b0                wmi_control_rx
 .text.wmi_errorEvent_rx
                0x0000710c       0x5c ./wifi_qca/common_src/wmi/wmi.o
 .text.wmi_cmd_send
                0x00007168       0xbc ./wifi_qca/common_src/wmi/wmi.o
                0x00007168                wmi_cmd_send
 .text.wmi_ap_set_param
                0x00007224      0x11c ./wifi_qca/common_src/wmi/wmi.o
                0x00007224                wmi_ap_set_param
 .text.wmi_storerecall_recall_cmd
                0x00007340       0x64 ./wifi_qca/common_src/wmi/wmi.o
                0x00007340                wmi_storerecall_recall_cmd
 .text.wmi_bssfilter_cmd
                0x000073a4       0x38 ./wifi_qca/common_src/wmi/wmi.o
                0x000073a4                wmi_bssfilter_cmd
 .text.wmi_socket_cmd
                0x000073dc       0x64 ./wifi_qca/common_src/wmi/wmi.o
                0x000073dc                wmi_socket_cmd
 .text.wmi_test_event_rx
                0x00007440       0x30 ./wifi_qca/common_src/wmi/wmi.o
 .text.wmi_p2p_goneg_result_event_rx
                0x00007470       0x38 ./wifi_qca/common_src/wmi/wmi.o
 .text.wmi_p2p_list_peristent_network
                0x000074a8       0x30 ./wifi_qca/common_src/wmi/wmi.o
 .text.wmi_p2p_req_auth_event_rx
                0x000074d8       0x30 ./wifi_qca/common_src/wmi/wmi.o
 .text.wmi_p2p_node_list_event_rx
                0x00007508       0x30 ./wifi_qca/common_src/wmi/wmi.o
 .text.wmi_p2p_prov_disc_resp_rx
                0x00007538       0x30 ./wifi_qca/common_src/wmi/wmi.o
 .text.wmi_p2p_prov_disc_req_rx
                0x00007568       0x30 ./wifi_qca/common_src/wmi/wmi.o
 .text.wmi_p2p_sdpd_event_rx
                0x00007598       0x30 ./wifi_qca/common_src/wmi/wmi.o
 .text.wmi_p2p_invite_req_rx
                0x000075c8       0x30 ./wifi_qca/common_src/wmi/wmi.o
 .text.wmi_p2p_invite_rcvd_result_rx
                0x000075f8       0x30 ./wifi_qca/common_src/wmi/wmi.o
 .text.wmi_p2p_invite_sent_result_rx
                0x00007628       0x30 ./wifi_qca/common_src/wmi/wmi.o
 .text.wmi_sdpd_send_cmd
                0x00007658       0xb0 ./wifi_qca/common_src/wmi/wmi.o
                0x00007658                wmi_sdpd_send_cmd
 .text.wmi_p2p_set_oppps
                0x00007708       0x58 ./wifi_qca/common_src/wmi/wmi.o
                0x00007708                wmi_p2p_set_oppps
 .text.wmi_p2p_set_noa
                0x00007760       0xd4 ./wifi_qca/common_src/wmi/wmi.o
                0x00007760                wmi_p2p_set_noa
 .text.wmi_cmd_start
                0x00007834       0x6c ./wifi_qca/common_src/wmi/wmi.o
                0x00007834                wmi_cmd_start
 .text.wmi_dset_host_cfg_cmd
                0x000078a0       0x84 ./wifi_qca/common_src/wmi/wmi.o
                0x000078a0                wmi_dset_host_cfg_cmd
 .text.wmi_set_appie_cmd
                0x00007924       0x90 ./wifi_qca/common_src/wmi/wmi.o
                0x00007924                wmi_set_appie_cmd
 .text.Util_GetEndpoint
                0x000079b4       0x30 ./wifi_qca/common_src/util/util.o
                0x000079b4                Util_GetEndpoint
 .text.Util_Freq2ieee
                0x000079e4       0x7c ./wifi_qca/common_src/util/util.o
                0x000079e4                Util_Freq2ieee
 .text.Util_AC2EndpointID
                0x00007a60       0x2c ./wifi_qca/common_src/util/util.o
                0x00007a60                Util_AC2EndpointID
 .text.dset_find
                0x00007a8c       0x44 ./wifi_qca/common_src/storerecall/dset.o
                0x00007a8c                dset_find
 .text.dset_insert
                0x00007ad0       0x60 ./wifi_qca/common_src/storerecall/dset.o
                0x00007ad0                dset_insert
 .text.dset_get
                0x00007b30       0x78 ./wifi_qca/common_src/storerecall/dset.o
                0x00007b30                dset_get
 .text.dset_write
                0x00007ba8       0x48 ./wifi_qca/common_src/storerecall/dset.o
                0x00007ba8                dset_write
 .text.dset_read
                0x00007bf0       0x48 ./wifi_qca/common_src/storerecall/dset.o
                0x00007bf0                dset_read
 .text.dset_fill
                0x00007c38       0x6c ./wifi_qca/common_src/storerecall/dset.o
                0x00007c38                dset_fill
 .text.dset_get_first
                0x00007ca4       0x50 ./wifi_qca/common_src/storerecall/dset.o
                0x00007ca4                dset_get_first
 .text.dset_get_next
                0x00007cf4       0x60 ./wifi_qca/common_src/storerecall/dset.o
                0x00007cf4                dset_get_next
 .text.dset_find_handle
                0x00007d54       0x40 ./wifi_qca/common_src/storerecall/dset_api.o
                0x00007d54                dset_find_handle
 .text.Strrcl_ChipUpFinish
                0x00007d94       0xe4 ./wifi_qca/common_src/storerecall/storerecall.o
 .text.Strrcl_ChipUpStart
                0x00007e78       0x7c ./wifi_qca/common_src/storerecall/storerecall.o
 .text.Strrcl_ChipDown
                0x00007ef4       0x28 ./wifi_qca/common_src/storerecall/storerecall.o
 .text.Strrcl_Recall
                0x00007f1c       0x50 ./wifi_qca/common_src/storerecall/storerecall.o
                0x00007f1c                Strrcl_Recall
 .text.queue_empty
                0x00007f6c       0x34 ./wifi_qca/common_src/stack_common/api_stack_offload.o
                0x00007f6c                queue_empty
 .text.find_socket_context_from_ssl
                0x00007fa0       0x48 ./wifi_qca/common_src/stack_common/api_stack_offload.o
                0x00007fa0                find_socket_context_from_ssl
 .text.find_socket_context
                0x00007fe8       0x60 ./wifi_qca/common_src/stack_common/api_stack_offload.o
                0x00007fe8                find_socket_context
 .text.socket_context_init
                0x00008048       0xe4 ./wifi_qca/common_src/stack_common/api_stack_offload.o
                0x00008048                socket_context_init
 .text.socket_context_deinit
                0x0000812c       0x74 ./wifi_qca/common_src/stack_common/api_stack_offload.o
                0x0000812c                socket_context_deinit
 .text.Api_SockResponseEventRx
                0x000081a0      0xc8c ./wifi_qca/common_src/stack_common/api_stack_offload.o
                0x000081a0                Api_SockResponseEventRx
 .text.Api_socket
                0x00008e2c      0x158 ./wifi_qca/common_src/stack_common/api_stack_offload.o
                0x00008e2c                Api_socket
 .text.Api_connect
                0x00008f84      0x164 ./wifi_qca/common_src/stack_common/api_stack_offload.o
                0x00008f84                Api_connect
 .text.Api_ipconfig
                0x000090e8      0x23c ./wifi_qca/common_src/stack_common/api_stack_offload.o
                0x000090e8                Api_ipconfig
 .text.Api_ip_resolve_host_name
                0x00009324      0x138 ./wifi_qca/common_src/stack_common/api_stack_offload.o
                0x00009324                Api_ip_resolve_host_name
 .text.clear_socket_context
                0x0000945c       0x88 ./wifi_qca/common_src/stack_common/api_stack_offload.o
                0x0000945c                clear_socket_context
 .text.send_stack_init
                0x000094e4       0x54 ./wifi_qca/common_src/stack_common/api_stack_offload.o
                0x000094e4                send_stack_init
 .text.move_power_state_to_maxperf
                0x00009538       0x5c ./wifi_qca/common_src/stack_common/api_stack_offload.o
                0x00009538                move_power_state_to_maxperf
 .text.restore_power_state
                0x00009594       0x6c ./wifi_qca/common_src/stack_common/api_stack_offload.o
                0x00009594                restore_power_state
 .text.blockForResponse
                0x00009600      0x108 ./wifi_qca/common_src/stack_common/api_stack_offload.o
                0x00009600                blockForResponse
 .text.isSocketBlocked
                0x00009708       0x20 ./wifi_qca/common_src/stack_common/api_stack_offload.o
                0x00009708                isSocketBlocked
 .text.unblock  0x00009728       0x64 ./wifi_qca/common_src/stack_common/api_stack_offload.o
                0x00009728                unblock
 .text.unblockSelect
                0x0000978c       0x24 ./wifi_qca/common_src/stack_common/api_stack_offload.o
                0x0000978c                unblockSelect
 .text.aggr_deinit
                0x000097b0       0x14 ./wifi_qca/common_src/reorder/rcv_aggr.o
                0x000097b0                aggr_deinit
 .text.aggr_init
                0x000097c4       0x14 ./wifi_qca/common_src/reorder/rcv_aggr.o
                0x000097c4                aggr_init
 .text.aggr_recv_addba_req_evt
                0x000097d8       0x74 ./wifi_qca/common_src/reorder/rcv_aggr.o
                0x000097d8                aggr_recv_addba_req_evt
 .text.aggr_recv_delba_req_evt
                0x0000984c       0x68 ./wifi_qca/common_src/reorder/rcv_aggr.o
                0x0000984c                aggr_recv_delba_req_evt
 .text.aggr_reset_state
                0x000098b4       0x38 ./wifi_qca/common_src/reorder/rcv_aggr.o
                0x000098b4                aggr_reset_state
 .text.qcom_set_deviceid
                0x000098ec       0x34 ./wifi_qca/common_src/qapi/qcom_api.o
                0x000098ec                qcom_set_deviceid
 .text.qcom_socket
                0x00009920       0x28 ./wifi_qca/common_src/qapi/qcom_api.o
                0x00009920                qcom_socket
 .text.qcom_connect
                0x00009948       0x30 ./wifi_qca/common_src/qapi/qcom_api.o
                0x00009948                qcom_connect
 .text.qcom_dnsc_get_host_by_name
                0x00009978       0x84 ./wifi_qca/common_src/qapi/qcom_api.o
                0x00009978                qcom_dnsc_get_host_by_name
 .text.qcom_dns_server_address_get
                0x000099fc       0xb4 ./wifi_qca/common_src/qapi/qcom_api.o
                0x000099fc                qcom_dns_server_address_get
 .text.qcom_ipconfig
                0x00009ab0       0x58 ./wifi_qca/common_src/qapi/qcom_api.o
                0x00009ab0                qcom_ipconfig
 .text.qcom_set_ssid
                0x00009b08       0x44 ./wifi_qca/common_src/qapi/qcom_api.o
                0x00009b08                qcom_set_ssid
 .text.qcom_get_ssid
                0x00009b4c       0x6c ./wifi_qca/common_src/qapi/qcom_api.o
                0x00009b4c                qcom_get_ssid
 .text.qcom_set_connect_callback
                0x00009bb8       0x58 ./wifi_qca/common_src/qapi/qcom_api.o
                0x00009bb8                qcom_set_connect_callback
 .text.qcom_get_concurrent_channel
                0x00009c10       0x6c ./wifi_qca/common_src/qapi/qcom_api.o
 .text.qcom_get_channelhint
                0x00009c7c       0x6c ./wifi_qca/common_src/qapi/qcom_api.o
 .text.qcom_commit
                0x00009ce8       0xe8 ./wifi_qca/common_src/qapi/qcom_api.o
                0x00009ce8                qcom_commit
 .text.qcom_op_get_mode
                0x00009dd0       0x58 ./wifi_qca/common_src/qapi/qcom_api.o
                0x00009dd0                qcom_op_get_mode
 .text.qcom_op_set_mode
                0x00009e28       0x54 ./wifi_qca/common_src/qapi/qcom_api.o
                0x00009e28                qcom_op_set_mode
 .text.qcom_get_phy_mode
                0x00009e7c       0xa8 ./wifi_qca/common_src/qapi/qcom_api.o
                0x00009e7c                qcom_get_phy_mode
 .text.qcom_set_channel
                0x00009f24       0x9c ./wifi_qca/common_src/qapi/qcom_api.o
                0x00009f24                qcom_set_channel
 .text.qcom_sec_set_auth_mode
                0x00009fc0       0x44 ./wifi_qca/common_src/qapi/qcom_api.o
                0x00009fc0                qcom_sec_set_auth_mode
 .text.qcom_sec_set_encrypt_mode
                0x0000a004       0x68 ./wifi_qca/common_src/qapi/qcom_api.o
                0x0000a004                qcom_sec_set_encrypt_mode
 .text.qcom_sec_set_passphrase
                0x0000a06c       0x64 ./wifi_qca/common_src/qapi/qcom_api.o
                0x0000a06c                qcom_sec_set_passphrase
 .text.qcom_power_set_mode
                0x0000a0d0       0x68 ./wifi_qca/common_src/qapi/qcom_api.o
                0x0000a0d0                qcom_power_set_mode
 .text.qcom_p2p_func_cancel
                0x0000a138       0x58 ./wifi_qca/common_src/qapi/qcom_api.o
                0x0000a138                qcom_p2p_func_cancel
 .text.qcom_get_versionstr
                0x0000a190       0x2c ./wifi_qca/common_src/qapi/qcom_api.o
                0x0000a190                qcom_get_versionstr
 .text.HW_ProcessPendingInterrupts
                0x0000a1bc       0xd0 ./wifi_qca/common_src/hw_interface/hw_api.o
                0x0000a1bc                HW_ProcessPendingInterrupts
 .text.HW_PowerUpDown
                0x0000a28c       0x50 ./wifi_qca/common_src/hw_interface/hw_api.o
                0x0000a28c                HW_PowerUpDown
 .text.HW_InterruptHandler
                0x0000a2dc       0x30 ./wifi_qca/common_src/hw_interface/hw_api.o
                0x0000a2dc                HW_InterruptHandler
 .text.HW_SetClock
                0x0000a30c       0x14 ./wifi_qca/common_src/hw_interface/hw_api.o
                0x0000a30c                HW_SetClock
 .text.HW_GetMboxAddress
                0x0000a320       0x50 ./wifi_qca/common_src/hw_interface/hw_api.o
                0x0000a320                HW_GetMboxAddress
 .text.Htc_PrepareRecvPacket
                0x0000a370       0x74 ./wifi_qca/common_src/htc/htc.o
                0x0000a370                Htc_PrepareRecvPacket
 .text.Htc_RxComplete
                0x0000a3e4       0x3c ./wifi_qca/common_src/htc/htc.o
                0x0000a3e4                Htc_RxComplete
 .text.Htc_ReadCreditCounter
                0x0000a420       0x80 ./wifi_qca/common_src/htc/htc.o
                0x0000a420                Htc_ReadCreditCounter
 .text.Htc_GetCreditCounterUpdate
                0x0000a4a0       0xa8 ./wifi_qca/common_src/htc/htc.o
                0x0000a4a0                Htc_GetCreditCounterUpdate
 .text.Htc_DistributeCredits
                0x0000a548       0xac ./wifi_qca/common_src/htc/htc.o
 .text.Htc_ProcessCreditRpt
                0x0000a5f4       0xe0 ./wifi_qca/common_src/htc/htc.o
 .text.HTC_ProcessCpuInterrupt
                0x0000a6d4       0xac ./wifi_qca/common_src/htc/htc.o
                0x0000a6d4                HTC_ProcessCpuInterrupt
 .text.Htc_ProcessTrailer
                0x0000a780      0x138 ./wifi_qca/common_src/htc/htc.o
 .text.Htc_SendPacket
                0x0000a8b8      0x114 ./wifi_qca/common_src/htc/htc.o
                0x0000a8b8                Htc_SendPacket
 .text.Htc_ProcessTxComplete
                0x0000a9cc       0x1c ./wifi_qca/common_src/htc/htc.o
                0x0000a9cc                Htc_ProcessTxComplete
 .text.Htc_ProcessRecvHeader
                0x0000a9e8      0x17c ./wifi_qca/common_src/htc/htc.o
                0x0000a9e8                Htc_ProcessRecvHeader
 .text.HTC_WaitTarget
                0x0000ab64       0x94 ./wifi_qca/common_src/htc/htc.o
                0x0000ab64                HTC_WaitTarget
 .text.HTC_ConnectService
                0x0000abf8      0x124 ./wifi_qca/common_src/htc/htc.o
                0x0000abf8                HTC_ConnectService
 .text.HTC_Start
                0x0000ad1c       0x54 ./wifi_qca/common_src/htc/htc.o
                0x0000ad1c                HTC_Start
 .text.DoPioWriteInternal
                0x0000ad70       0x68 ./wifi_qca/common_src/hcd/spi_hcd.o
 .text.DoPioReadInternal
                0x0000add8       0x74 ./wifi_qca/common_src/hcd/spi_hcd.o
 .text.EnableDisableSPIIRQHwDetect
                0x0000ae4c       0x90 ./wifi_qca/common_src/hcd/spi_hcd.o
 .text.MaskSPIInterrupts
                0x0000aedc       0x64 ./wifi_qca/common_src/hcd/spi_hcd.o
 .text.HandleExternalReadDone
                0x0000af40       0x60 ./wifi_qca/common_src/hcd/spi_hcd.o
 .text.Hcd_DoPioInternalAccess
                0x0000afa0       0x48 ./wifi_qca/common_src/hcd/spi_hcd.o
                0x0000afa0                Hcd_DoPioInternalAccess
 .text.Hcd_DoPioExternalAccess
                0x0000afe8      0x184 ./wifi_qca/common_src/hcd/spi_hcd.o
                0x0000afe8                Hcd_DoPioExternalAccess
 .text.ResetWriteBufferWaterMark
                0x0000b16c       0x40 ./wifi_qca/common_src/hcd/spi_hcd.o
 .text.ConfigureByteSwap
                0x0000b1ac       0xb0 ./wifi_qca/common_src/hcd/spi_hcd.o
 .text.DoDMAOp  0x0000b25c      0x120 ./wifi_qca/common_src/hcd/spi_hcd.o
 .text.Hcd_ProgramWriteBufferWaterMark
                0x0000b37c      0x144 ./wifi_qca/common_src/hcd/spi_hcd.o
                0x0000b37c                Hcd_ProgramWriteBufferWaterMark
 .text.Hcd_RefreshWriteBufferSpace
                0x0000b4c0       0x30 ./wifi_qca/common_src/hcd/spi_hcd.o
                0x0000b4c0                Hcd_RefreshWriteBufferSpace
 .text.Hcd_Request
                0x0000b4f0       0xa8 ./wifi_qca/common_src/hcd/spi_hcd.o
                0x0000b4f0                Hcd_Request
 .text.Hcd_ReadCPUInterrupt
                0x0000b598       0x60 ./wifi_qca/common_src/hcd/spi_hcd.o
                0x0000b598                Hcd_ReadCPUInterrupt
 .text.Hcd_ClearCPUInterrupt
                0x0000b5f8       0x50 ./wifi_qca/common_src/hcd/spi_hcd.o
                0x0000b5f8                Hcd_ClearCPUInterrupt
 .text.Hcd_UnmaskInterrupts
                0x0000b648       0x5c ./wifi_qca/common_src/hcd/spi_hcd.o
                0x0000b648                Hcd_UnmaskInterrupts
 .text.Hcd_BusInterrupt
                0x0000b6a4      0x230 ./wifi_qca/common_src/hcd/spi_hcd.o
                0x0000b6a4                Hcd_BusInterrupt
 .text.Hcd_ReinitTarget
                0x0000b8d4       0x60 ./wifi_qca/common_src/hcd/spi_hcd.o
                0x0000b8d4                Hcd_ReinitTarget
 .text.Hcd_Deinitialize
                0x0000b934       0x2c ./wifi_qca/common_src/hcd/spi_hcd.o
                0x0000b934                Hcd_Deinitialize
 .text.Hcd_GetLookAhead
                0x0000b960      0x120 ./wifi_qca/common_src/hcd/spi_hcd.o
                0x0000b960                Hcd_GetLookAhead
 .text.Hcd_Init
                0x0000ba80      0x24c ./wifi_qca/common_src/hcd/spi_hcd.o
                0x0000ba80                Hcd_Init
 .text.Hcd_TransferData
                0x0000bccc       0x1c ./wifi_qca/common_src/hcd/spi_hcd.o
 .text.HW_EnableDisableSPIIRQ
                0x0000bce8       0x70 ./wifi_qca/common_src/hcd/spi_hcd.o
                0x0000bce8                HW_EnableDisableSPIIRQ
 .text.Bus_InOutDescriptorSet
                0x0000bd58      0x110 ./wifi_qca/common_src/hcd/spi_hcd.o
                0x0000bd58                Bus_InOutDescriptorSet
 .text.Bus_InOutToken
                0x0000be68       0x40 ./wifi_qca/common_src/hcd/spi_hcd.o
                0x0000be68                Bus_InOutToken
 .text.HW_EnableDisableIRQ
                0x0000bea8       0x1c ./wifi_qca/common_src/hcd/spi_hcd.o
                0x0000bea8                HW_EnableDisableIRQ
 .text.Driver_SetAddressWindowRegister
                0x0000bec4       0xf0 ./wifi_qca/common_src/driver/driver_diag.o
 .text.Driver_ReadRegDiag
                0x0000bfb4       0x7c ./wifi_qca/common_src/driver/driver_diag.o
                0x0000bfb4                Driver_ReadRegDiag
 .text.Driver_WriteRegDiag
                0x0000c030       0x7c ./wifi_qca/common_src/driver/driver_diag.o
                0x0000c030                Driver_WriteRegDiag
 .text.Driver_ReadDataDiag
                0x0000c0ac       0x5c ./wifi_qca/common_src/driver/driver_diag.o
                0x0000c0ac                Driver_ReadDataDiag
 .text.Driver_WriteDataDiag
                0x0000c108       0x5c ./wifi_qca/common_src/driver/driver_diag.o
                0x0000c108                Driver_WriteDataDiag
 .text.Driver_DumpAssertInfo
                0x0000c164       0xec ./wifi_qca/common_src/driver/driver_diag.o
                0x0000c164                Driver_DumpAssertInfo
 .text.ConnectService
                0x0000c250       0xf4 ./wifi_qca/common_src/driver/driver_init.o
 .text.SetupServices
                0x0000c344      0x178 ./wifi_qca/common_src/driver/driver_init.o
 .text.Driver_ContextInit
                0x0000c4bc      0x160 ./wifi_qca/common_src/driver/driver_init.o
                0x0000c4bc                Driver_ContextInit
 .text.Driver_ContextDeInit
                0x0000c61c       0x40 ./wifi_qca/common_src/driver/driver_init.o
                0x0000c61c                Driver_ContextDeInit
 .text.Driver_Init
                0x0000c65c      0x1c8 ./wifi_qca/common_src/driver/driver_init.o
                0x0000c65c                Driver_Init
 .text.Driver_DeInit
                0x0000c824       0xa4 ./wifi_qca/common_src/driver/driver_init.o
                0x0000c824                Driver_DeInit
 .text.Driver_GetTargetInfo
                0x0000c8c8       0x74 ./wifi_qca/common_src/driver/driver_init.o
                0x0000c8c8                Driver_GetTargetInfo
 .text.Driver_TargReset
                0x0000c93c       0x18 ./wifi_qca/common_src/driver/driver_init.o
 .text.Driver_BootComm
                0x0000c954      0x140 ./wifi_qca/common_src/driver/driver_init.o
                0x0000c954                Driver_BootComm
 .text.Driver_Main
                0x0000ca94      0x1c4 ./wifi_qca/common_src/driver/driver_main.o
                0x0000ca94                Driver_Main
 .text.Driver_ReportRxBuffStatus
                0x0000cc58       0x40 ./wifi_qca/common_src/driver/driver_main.o
                0x0000cc58                Driver_ReportRxBuffStatus
 .text.Driver_CompleteRequest
                0x0000cc98       0x7c ./wifi_qca/common_src/driver/driver_main.o
                0x0000cc98                Driver_CompleteRequest
 .text.Driver_TxReady
                0x0000cd14      0x18c ./wifi_qca/common_src/driver/driver_main.o
                0x0000cd14                Driver_TxReady
 .text.Driver_RxReady
                0x0000cea0      0x19c ./wifi_qca/common_src/driver/driver_main.o
                0x0000cea0                Driver_RxReady
 .text.Driver_DropTxDataPackets
                0x0000d03c       0x90 ./wifi_qca/common_src/driver/driver_main.o
                0x0000d03c                Driver_DropTxDataPackets
 .text.Driver_WaitForCondition
                0x0000d0cc       0x58 ./wifi_qca/common_src/driver/driver_main.o
                0x0000d0cc                Driver_WaitForCondition
 .text.setup_host_dset
                0x0000d124       0x18 ./wifi_qca/common_src/driver/driver_main.o
                0x0000d124                setup_host_dset
 .text.Atheros_Driver_Task
                0x0000d13c       0xa4 ./wifi_qca/common_src/driver/driver_main.o
                0x0000d13c                Atheros_Driver_Task
 .text.Driver_CreateThread
                0x0000d1e0       0x68 ./wifi_qca/common_src/driver/driver_main.o
                0x0000d1e0                Driver_CreateThread
 .text.Driver_DestroyThread
                0x0000d248       0x24 ./wifi_qca/common_src/driver/driver_main.o
                0x0000d248                Driver_DestroyThread
 .text.Driver_WakeDriver
                0x0000d26c       0x1c ./wifi_qca/common_src/driver/driver_main.o
                0x0000d26c                Driver_WakeDriver
 .text.Driver_WakeUser
                0x0000d288       0x1c ./wifi_qca/common_src/driver/driver_main.o
                0x0000d288                Driver_WakeUser
 .text.Driver_RxComplete
                0x0000d2a4       0x60 ./wifi_qca/common_src/driver/driver_txrx.o
                0x0000d2a4                Driver_RxComplete
 .text.Driver_TxComplete
                0x0000d304       0x20 ./wifi_qca/common_src/driver/driver_txrx.o
 .text.Driver_PostProcessRequest
                0x0000d324       0x50 ./wifi_qca/common_src/driver/driver_txrx.o
 .text.Driver_SubmitTxRequest
                0x0000d374       0xcc ./wifi_qca/common_src/driver/driver_txrx.o
                0x0000d374                Driver_SubmitTxRequest
 .text.Driver_SendPacket
                0x0000d440       0xb0 ./wifi_qca/common_src/driver/driver_txrx.o
                0x0000d440                Driver_SendPacket
 .text.Driver_RecvPacket
                0x0000d4f0       0x64 ./wifi_qca/common_src/driver/driver_txrx.o
                0x0000d4f0                Driver_RecvPacket
 .text.bmiBufferSend
                0x0000d554      0x118 ./wifi_qca/common_src/bmi/bmi.o
 .text.bmiBufferReceive
                0x0000d66c       0xe4 ./wifi_qca/common_src/bmi/bmi.o
 .text.BMIInit  0x0000d750       0x8c ./wifi_qca/common_src/bmi/bmi.o
                0x0000d750                BMIInit
 .text.BMIDone  0x0000d7dc       0x88 ./wifi_qca/common_src/bmi/bmi.o
                0x0000d7dc                BMIDone
 .text.BMIGetTargetInfo
                0x0000d864       0xe0 ./wifi_qca/common_src/bmi/bmi.o
                0x0000d864                BMIGetTargetInfo
 .text.BMIWriteMemory
                0x0000d944      0x144 ./wifi_qca/common_src/bmi/bmi.o
                0x0000d944                BMIWriteMemory
 .text.BMIExecute
                0x0000da88       0xc8 ./wifi_qca/common_src/bmi/bmi.o
                0x0000da88                BMIExecute
 .text.Api_BootProfile
                0x0000db50       0x28 ./wifi_qca/common_src/api_interface/api_init.o
                0x0000db50                Api_BootProfile
 .text.Api_InitStart
                0x0000db78       0x40 ./wifi_qca/common_src/api_interface/api_init.o
                0x0000db78                Api_InitStart
 .text.Api_InitFinish
                0x0000dbb8       0x78 ./wifi_qca/common_src/api_interface/api_init.o
                0x0000dbb8                Api_InitFinish
 .text.wmi_cmd_process
                0x0000dc30       0x8c ./wifi_qca/common_src/api_interface/api_init.o
 .text.Api_WMIInitFinish
                0x0000dcbc       0xe0 ./wifi_qca/common_src/api_interface/api_init.o
                0x0000dcbc                Api_WMIInitFinish
 .text.Api_DeInitStart
                0x0000dd9c       0x18 ./wifi_qca/common_src/api_interface/api_init.o
                0x0000dd9c                Api_DeInitStart
 .text.Api_DeInitFinish
                0x0000ddb4       0x48 ./wifi_qca/common_src/api_interface/api_init.o
                0x0000ddb4                Api_DeInitFinish
 .text.Program_CountryCode
                0x0000ddfc      0x214 ./wifi_qca/common_src/api_interface/api_ioctl.o
                0x0000ddfc                Program_CountryCode
 .text.Api_ProgramCountryCode
                0x0000e010      0x108 ./wifi_qca/common_src/api_interface/api_ioctl.o
                0x0000e010                Api_ProgramCountryCode
 .text.program_mac_addr
                0x0000e118      0x2b8 ./wifi_qca/common_src/api_interface/api_ioctl.o
 .text.Install_static_wep_keys
                0x0000e3d0      0x120 ./wifi_qca/common_src/api_interface/api_ioctl.o
 .text.Api_DisconnectWiFi
                0x0000e4f0      0x17c ./wifi_qca/common_src/api_interface/api_ioctl.o
                0x0000e4f0                Api_DisconnectWiFi
 .text.Api_ConnectWiFi
                0x0000e66c      0x4a0 ./wifi_qca/common_src/api_interface/api_ioctl.o
                0x0000e66c                Api_ConnectWiFi
 .text.wpa_auth_parse
                0x0000eb0c       0x6c ./wifi_qca/common_src/api_interface/api_ioctl.o
 .text.wpa_cipher_parse
                0x0000eb78       0xa8 ./wifi_qca/common_src/api_interface/api_ioctl.o
 .text.rsn_cipher_parse
                0x0000ec20       0xa8 ./wifi_qca/common_src/api_interface/api_ioctl.o
 .text.rsn_auth_parse
                0x0000ecc8       0x6c ./wifi_qca/common_src/api_interface/api_ioctl.o
 .text.security_ie_parse
                0x0000ed34      0x178 ./wifi_qca/common_src/api_interface/api_ioctl.o
 .text.Api_ParseInfoElem
                0x0000eeac      0x224 ./wifi_qca/common_src/api_interface/api_ioctl.o
                0x0000eeac                Api_ParseInfoElem
 .text.Api_DriverAccessCheck
                0x0000f0d0       0xa0 ./wifi_qca/common_src/api_interface/api_ioctl.o
                0x0000f0d0                Api_DriverAccessCheck
 .text.Api_ProgramMacAddress
                0x0000f170      0x138 ./wifi_qca/common_src/api_interface/api_ioctl.o
                0x0000f170                Api_ProgramMacAddress
 .text.Api_SetPowerMode
                0x0000f2a8       0xbc ./wifi_qca/common_src/api_interface/api_ioctl.o
                0x0000f2a8                Api_SetPowerMode
 .text.wait_scan_done
                0x0000f364       0x5c ./wifi_qca/common_src/api_interface/api_ioctl.o
                0x0000f364                wait_scan_done
 .text.scan_setup
                0x0000f3c0      0x1b0 ./wifi_qca/common_src/api_interface/api_ioctl.o
                0x0000f3c0                scan_setup
 .text.Util_Ascii2Hex
                0x0000f570       0x60 ./wifi_qca/common_src/api_interface/api_ioctl.o
                0x0000f570                Util_Ascii2Hex
 .text.TxRawPacket
                0x0000f5d0       0xb0 ./wifi_qca/common_src/api_interface/api_ioctl.o
                0x0000f5d0                TxRawPacket
 .text.query_credit_deficit
                0x0000f680       0x54 ./wifi_qca/common_src/api_interface/api_txrx.o
 .text.Api_TxGetStatus
                0x0000f6d4       0x80 ./wifi_qca/common_src/api_interface/api_txrx.o
                0x0000f6d4                Api_TxGetStatus
 .text.Api_TxComplete
                0x0000f754       0x40 ./wifi_qca/common_src/api_interface/api_txrx.o
                0x0000f754                Api_TxComplete
 .text.Api_RxComplete
                0x0000f794      0x200 ./wifi_qca/common_src/api_interface/api_txrx.o
                0x0000f794                Api_RxComplete
 .text.Api_WmiTxStart
                0x0000f994       0x3c ./wifi_qca/common_src/api_interface/api_txrx.o
                0x0000f994                Api_WmiTxStart
 .text.Api_TargetStatsEvent
                0x0000f9d0       0x44 ./wifi_qca/common_src/api_interface/api_wmi_rx.o
                0x0000f9d0                Api_TargetStatsEvent
 .text.Api_RegDomainEvent
                0x0000fa14       0x24 ./wifi_qca/common_src/api_interface/api_wmi_rx.o
                0x0000fa14                Api_RegDomainEvent
 .text.Api_GetBitRateEvent
                0x0000fa38       0x28 ./wifi_qca/common_src/api_interface/api_wmi_rx.o
                0x0000fa38                Api_GetBitRateEvent
 .text.Api_ChannelListEvent
                0x0000fa60       0x78 ./wifi_qca/common_src/api_interface/api_wmi_rx.o
                0x0000fa60                Api_ChannelListEvent
 .text.Api_ScanCompleteEvent
                0x0000fad8       0x44 ./wifi_qca/common_src/api_interface/api_wmi_rx.o
                0x0000fad8                Api_ScanCompleteEvent
 .text.Api_BssInfoEvent
                0x0000fb1c       0x20 ./wifi_qca/common_src/api_interface/api_wmi_rx.o
                0x0000fb1c                Api_BssInfoEvent
 .text.Api_TkipMicErrorEvent
                0x0000fb3c       0x4c ./wifi_qca/common_src/api_interface/api_wmi_rx.o
                0x0000fb3c                Api_TkipMicErrorEvent
 .text.Api_GetPmkEvent
                0x0000fb88       0x58 ./wifi_qca/common_src/api_interface/api_wmi_rx.o
                0x0000fb88                Api_GetPmkEvent
 .text.Api_ConnectEvent
                0x0000fbe0      0x1f8 ./wifi_qca/common_src/api_interface/api_wmi_rx.o
                0x0000fbe0                Api_ConnectEvent
 .text.Api_DisconnectEvent
                0x0000fdd8      0x144 ./wifi_qca/common_src/api_interface/api_wmi_rx.o
                0x0000fdd8                Api_DisconnectEvent
 .text.Api_HostDsetStoreEvent
                0x0000ff1c       0x9c ./wifi_qca/common_src/api_interface/api_wmi_rx.o
                0x0000ff1c                Api_HostDsetStoreEvent
 .text.Api_HostDsetCreateEvent
                0x0000ffb8       0xc0 ./wifi_qca/common_src/api_interface/api_wmi_rx.o
                0x0000ffb8                Api_HostDsetCreateEvent
 .text.Api_HostDsetWriteEvent
                0x00010078       0xdc ./wifi_qca/common_src/api_interface/api_wmi_rx.o
                0x00010078                Api_HostDsetWriteEvent
 .text.Api_HostDsetReadbackEvent
                0x00010154      0x138 ./wifi_qca/common_src/api_interface/api_wmi_rx.o
                0x00010154                Api_HostDsetReadbackEvent
 .text.Api_HostDsetSyncEvent
                0x0001028c       0xa4 ./wifi_qca/common_src/api_interface/api_wmi_rx.o
                0x0001028c                Api_HostDsetSyncEvent
 .text.Api_HostDsetReadEvent
                0x00010330       0x90 ./wifi_qca/common_src/api_interface/api_wmi_rx.o
                0x00010330                Api_HostDsetReadEvent
 .text.Api_dset_read_event
                0x000103c0       0x9c ./wifi_qca/common_src/api_interface/api_wmi_rx.o
                0x000103c0                Api_dset_read_event
 .text.Api_DsetOPEvent
                0x0001045c      0x244 ./wifi_qca/common_src/api_interface/api_wmi_rx.o
                0x0001045c                Api_DsetOPEvent
 .text.Api_StoreRecallEvent
                0x000106a0       0xa4 ./wifi_qca/common_src/api_interface/api_wmi_rx.o
                0x000106a0                Api_StoreRecallEvent
 .text.Api_StoreRecallStartEvent
                0x00010744       0x54 ./wifi_qca/common_src/api_interface/api_wmi_rx.o
                0x00010744                Api_StoreRecallStartEvent
 .text.Api_WpsProfileEvent
                0x00010798       0x98 ./wifi_qca/common_src/api_interface/api_wmi_rx.o
                0x00010798                Api_WpsProfileEvent
 .text.Api_AggrRecvAddbaReqEvent
                0x00010830       0x40 ./wifi_qca/common_src/api_interface/api_wmi_rx.o
                0x00010830                Api_AggrRecvAddbaReqEvent
 .text.Api_AggrRecvDelbaReqEvent
                0x00010870       0x28 ./wifi_qca/common_src/api_interface/api_wmi_rx.o
                0x00010870                Api_AggrRecvDelbaReqEvent
 .text.Api_ReadyEvent
                0x00010898       0x74 ./wifi_qca/common_src/api_interface/api_wmi_rx.o
                0x00010898                Api_ReadyEvent
 .text.Api_RSNASuccessEvent
                0x0001090c       0x24 ./wifi_qca/common_src/api_interface/api_wmi_rx.o
                0x0001090c                Api_RSNASuccessEvent
 .text.Api_GetTemperatureReply
                0x00010930       0x40 ./wifi_qca/common_src/api_interface/api_wmi_rx.o
                0x00010930                Api_GetTemperatureReply
 .text.Api_GetWpsInitReply
                0x00010970       0x2c ./wifi_qca/common_src/api_interface/api_wmi_rx.o
                0x00010970                Api_GetWpsInitReply
 .text.Api_GetCountryCodeReply
                0x0001099c       0x3c ./wifi_qca/common_src/api_interface/api_wmi_rx.o
                0x0001099c                Api_GetCountryCodeReply
 .text.Api_GetSetParamReply
                0x000109d8       0x34 ./wifi_qca/common_src/api_interface/api_wmi_rx.o
                0x000109d8                Api_GetSetParamReply
 .text.p2p_go_neg_event
                0x00010a0c       0x28 ./wifi_qca/common_src/api_interface/api_wmi_rx.o
                0x00010a0c                p2p_go_neg_event
 .text.p2p_invite_sent_result_event
                0x00010a34       0x24 ./wifi_qca/common_src/api_interface/api_wmi_rx.o
                0x00010a34                p2p_invite_sent_result_event
 .text.p2p_node_list_event
                0x00010a58       0x24 ./wifi_qca/common_src/api_interface/api_wmi_rx.o
                0x00010a58                p2p_node_list_event
 .text.p2p_list_persistent_network_event
                0x00010a7c       0x24 ./wifi_qca/common_src/api_interface/api_wmi_rx.o
                0x00010a7c                p2p_list_persistent_network_event
 .text.p2p_req_auth_event
                0x00010aa0       0x24 ./wifi_qca/common_src/api_interface/api_wmi_rx.o
                0x00010aa0                p2p_req_auth_event
 .text.get_p2p_ctx
                0x00010ac4       0x24 ./wifi_qca/common_src/api_interface/api_wmi_rx.o
                0x00010ac4                get_p2p_ctx
 .text.get_p2p_prov_disc_req
                0x00010ae8       0x24 ./wifi_qca/common_src/api_interface/api_wmi_rx.o
                0x00010ae8                get_p2p_prov_disc_req
 .text.get_p2p_serv_disc_req
                0x00010b0c       0x24 ./wifi_qca/common_src/api_interface/api_wmi_rx.o
                0x00010b0c                get_p2p_serv_disc_req
 .text.p2p_invite_req_rx
                0x00010b30       0x24 ./wifi_qca/common_src/api_interface/api_wmi_rx.o
                0x00010b30                p2p_invite_req_rx
 .text.p2p_invite_rcvd_result_ev
                0x00010b54       0x24 ./wifi_qca/common_src/api_interface/api_wmi_rx.o
                0x00010b54                p2p_invite_rcvd_result_ev
 .text.Api_TestCmdEventRx
                0x00010b78       0x34 ./wifi_qca/common_src/api_interface/api_wmi_rx.o
                0x00010b78                Api_TestCmdEventRx
 .text.Api_RxDbglogEvent
                0x00010bac       0x1c ./wifi_qca/common_src/api_interface/api_wmi_rx.o
                0x00010bac                Api_RxDbglogEvent
 .text.Api_RxGpioDataEvent
                0x00010bc8       0x20 ./wifi_qca/common_src/api_interface/api_wmi_rx.o
                0x00010bc8                Api_RxGpioDataEvent
 .text.Api_RxHBChallengeEvent
                0x00010be8       0x3c ./wifi_qca/common_src/api_interface/api_wmi_rx.o
                0x00010be8                Api_RxHBChallengeEvent
 .text.Api_RxPfmDataEvent
                0x00010c24       0x20 ./wifi_qca/common_src/api_interface/api_wmi_rx.o
                0x00010c24                Api_RxPfmDataEvent
 .text.Api_RxPfmDataDoneEvent
                0x00010c44       0x20 ./wifi_qca/common_src/api_interface/api_wmi_rx.o
                0x00010c44                Api_RxPfmDataDoneEvent
 .text.Api_p2p_go_neg_event
                0x00010c64       0xa4 ./wifi_qca/common_src/api_interface/api_wmi_rx.o
                0x00010c64                Api_p2p_go_neg_event
 .text.Api_p2p_node_list_event
                0x00010d08       0xb0 ./wifi_qca/common_src/api_interface/api_wmi_rx.o
                0x00010d08                Api_p2p_node_list_event
 .text.Api_p2p_req_auth_event
                0x00010db8       0x8c ./wifi_qca/common_src/api_interface/api_wmi_rx.o
                0x00010db8                Api_p2p_req_auth_event
 .text.Api_p2p_list_persistent_network_event
                0x00010e44       0x94 ./wifi_qca/common_src/api_interface/api_wmi_rx.o
                0x00010e44                Api_p2p_list_persistent_network_event
 .text.Api_get_p2p_ctx
                0x00010ed8       0x8c ./wifi_qca/common_src/api_interface/api_wmi_rx.o
                0x00010ed8                Api_get_p2p_ctx
 .text.Api_p2p_prov_disc_req
                0x00010f64       0x8c ./wifi_qca/common_src/api_interface/api_wmi_rx.o
                0x00010f64                Api_p2p_prov_disc_req
 .text.Api_p2p_serv_disc_req
                0x00010ff0       0x8c ./wifi_qca/common_src/api_interface/api_wmi_rx.o
                0x00010ff0                Api_p2p_serv_disc_req
 .text.Api_p2p_invite_req
                0x0001107c       0x8c ./wifi_qca/common_src/api_interface/api_wmi_rx.o
                0x0001107c                Api_p2p_invite_req
 .text.Api_p2p_invite_rcvd_result
                0x00011108       0x8c ./wifi_qca/common_src/api_interface/api_wmi_rx.o
                0x00011108                Api_p2p_invite_rcvd_result
 .text.Api_p2p_invite_send_result
                0x00011194       0x8c ./wifi_qca/common_src/api_interface/api_wmi_rx.o
                0x00011194                Api_p2p_invite_send_result
 .text.Api_Test_Cmd_Event
                0x00011220       0x30 ./wifi_qca/common_src/api_interface/api_wmi_rx.o
                0x00011220                Api_Test_Cmd_Event
 .text.Api_ProbeReqEvent
                0x00011250       0x1c ./wifi_qca/common_src/api_interface/api_wmi_rx.o
                0x00011250                Api_ProbeReqEvent
 .text.UART_EnableTx
                0x0001126c       0x40 ./utilities/fsl_debug_console.o
 .text.UART_EnableRx
                0x000112ac       0x40 ./utilities/fsl_debug_console.o
 .text.LPUART_EnableTx
                0x000112ec       0x38 ./utilities/fsl_debug_console.o
 .text.LPUART_EnableRx
                0x00011324       0x38 ./utilities/fsl_debug_console.o
 .text.DbgConsole_Init
                0x0001135c       0xec ./utilities/fsl_debug_console.o
                0x0001135c                DbgConsole_Init
 .text.DbgConsole_Printf
                0x00011448       0x40 ./utilities/fsl_debug_console.o
                0x00011448                DbgConsole_Printf
 .text.DbgConsole_Putchar
                0x00011488       0x38 ./utilities/fsl_debug_console.o
                0x00011488                DbgConsole_Putchar
 .text.DbgConsole_PrintfPaddingCharacter
                0x000114c0       0x40 ./utilities/fsl_debug_console.o
 .text.DbgConsole_ConvertRadixNumToString
                0x00011500      0x118 ./utilities/fsl_debug_console.o
 .text.DbgConsole_PrintfFormattedData
                0x00011618      0x36c ./utilities/fsl_debug_console.o
 .text._write   0x00011984       0x58 ./utilities/fsl_debug_console.o
                0x00011984                _write
 .text._read    0x000119dc       0x44 ./utilities/fsl_debug_console.o
                0x000119dc                _read
 .text.print_version
                0x00011a20       0x68 ./source/main.o
 .text.hello_task
                0x00011a88       0x98 ./source/main.o
 .text.main     0x00011b20       0x3c ./source/main.o
                0x00011b20                main
 .text.wlan_driver_start
                0x00011b5c       0xa8 ./source/wlan_qca400x.o
                0x00011b5c                wlan_driver_start
 .text.printError
                0x00011c04       0x20 ./source/wlan_qcom.o
 .text.isQcomError
                0x00011c24       0x50 ./source/wlan_qcom.o
 .text.isValueFailed
                0x00011c74       0x50 ./source/wlan_qcom.o
 .text.getDhcp  0x00011cc4      0x140 ./source/wlan_qcom.o
                0x00011cc4                getDhcp
 .text.printIpConfig
                0x00011e04       0xd0 ./source/wlan_qcom.o
                0x00011e04                printIpConfig
 .text.onConnect
                0x00011ed4      0x108 ./source/wlan_qcom.o
 .text.apConnectParamsPrint
                0x00011fdc       0xd8 ./source/wlan_qcom.o
 .text.apConnect
                0x000120b4      0x110 ./source/wlan_qcom.o
                0x000120b4                apConnect
 .text.resolveHostname
                0x000121c4       0x64 ./source/wlan_qcom.o
                0x000121c4                resolveHostname
 .text.tcpConnect
                0x00012228       0x98 ./source/wlan_qcom.o
                0x00012228                tcpConnect
 .text.xEventGroupCreate
                0x000122c0       0x30 ./freertos/event_groups.o
                0x000122c0                xEventGroupCreate
 .text.xEventGroupWaitBits
                0x000122f0      0x194 ./freertos/event_groups.o
                0x000122f0                xEventGroupWaitBits
 .text.xEventGroupClearBits
                0x00012484       0x6c ./freertos/event_groups.o
                0x00012484                xEventGroupClearBits
 .text.xEventGroupClearBitsFromISR
                0x000124f0       0x28 ./freertos/event_groups.o
                0x000124f0                xEventGroupClearBitsFromISR
 .text.xEventGroupSetBits
                0x00012518      0x114 ./freertos/event_groups.o
                0x00012518                xEventGroupSetBits
 .text.vEventGroupDelete
                0x0001262c       0x60 ./freertos/event_groups.o
                0x0001262c                vEventGroupDelete
 .text.vEventGroupSetBitsCallback
                0x0001268c       0x18 ./freertos/event_groups.o
                0x0001268c                vEventGroupSetBitsCallback
 .text.vEventGroupClearBitsCallback
                0x000126a4       0x18 ./freertos/event_groups.o
                0x000126a4                vEventGroupClearBitsCallback
 .text.prvTestWaitCondition
                0x000126bc       0x44 ./freertos/event_groups.o
 .text.xEventGroupSetBitsFromISR
                0x00012700       0x28 ./freertos/event_groups.o
                0x00012700                xEventGroupSetBitsFromISR
 .text.vPortSetupTimerInterrupt
                0x00012728       0x40 ./freertos/fsl_tickless_lptmr.o
                0x00012728                vPortSetupTimerInterrupt
 .text.pvPortMalloc
                0x00012768      0x184 ./freertos/heap_4.o
                0x00012768                pvPortMalloc
 .text.vPortFree
                0x000128ec       0xb0 ./freertos/heap_4.o
                0x000128ec                vPortFree
 .text.prvHeapInit
                0x0001299c       0xc4 ./freertos/heap_4.o
 .text.prvInsertBlockIntoFreeList
                0x00012a60       0xb0 ./freertos/heap_4.o
 .text.vListInitialise
                0x00012b10       0x40 ./freertos/list.o
                0x00012b10                vListInitialise
 .text.vListInitialiseItem
                0x00012b50       0x18 ./freertos/list.o
                0x00012b50                vListInitialiseItem
 .text.vListInsertEnd
                0x00012b68       0x48 ./freertos/list.o
                0x00012b68                vListInsertEnd
 .text.vListInsert
                0x00012bb0       0x70 ./freertos/list.o
                0x00012bb0                vListInsert
 .text.uxListRemove
                0x00012c20       0x54 ./freertos/list.o
                0x00012c20                uxListRemove
 .text.pxPortInitialiseStack
                0x00012c74       0x68 ./freertos/port.o
                0x00012c74                pxPortInitialiseStack
 .text.prvTaskExitError
                0x00012cdc       0x3c ./freertos/port.o
 *fill*         0x00012d18        0x8 
 .text.SVC_Handler
                0x00012d20       0x30 ./freertos/port.o
                0x00012d20                SVC_Handler
 .text.prvPortStartFirstTask
                0x00012d50       0x20 ./freertos/port.o
 .text.xPortStartScheduler
                0x00012d70      0x118 ./freertos/port.o
                0x00012d70                xPortStartScheduler
 .text.vPortEnterCritical
                0x00012e88       0x5c ./freertos/port.o
                0x00012e88                vPortEnterCritical
 .text.vPortExitCritical
                0x00012ee4       0x4c ./freertos/port.o
                0x00012ee4                vPortExitCritical
 .text.PendSV_Handler
                0x00012f30       0x70 ./freertos/port.o
                0x00012f30                PendSV_Handler
 .text.SysTick_Handler
                0x00012fa0       0x40 ./freertos/port.o
                0x00012fa0                SysTick_Handler
 .text.vPortEnableVFP
                0x00012fe0       0x14 ./freertos/port.o
 .text.vPortValidateInterruptPriority
                0x00012ff4       0x78 ./freertos/port.o
                0x00012ff4                vPortValidateInterruptPriority
 .text.xQueueGenericReset
                0x0001306c       0xd0 ./freertos/queue.o
                0x0001306c                xQueueGenericReset
 .text.xQueueGenericCreate
                0x0001313c       0x70 ./freertos/queue.o
                0x0001313c                xQueueGenericCreate
 .text.prvInitialiseNewQueue
                0x000131ac       0x44 ./freertos/queue.o
 .text.prvInitialiseMutex
                0x000131f0       0x34 ./freertos/queue.o
 .text.xQueueCreateMutex
                0x00013224       0x30 ./freertos/queue.o
                0x00013224                xQueueCreateMutex
 .text.xQueueGetMutexHolder
                0x00013254       0x30 ./freertos/queue.o
                0x00013254                xQueueGetMutexHolder
 .text.xQueueGenericSend
                0x00013284      0x1fc ./freertos/queue.o
                0x00013284                xQueueGenericSend
 .text.xQueueGenericSendFromISR
                0x00013480      0x128 ./freertos/queue.o
                0x00013480                xQueueGenericSendFromISR
 .text.xQueueGiveFromISR
                0x000135a8      0x114 ./freertos/queue.o
                0x000135a8                xQueueGiveFromISR
 .text.xQueueGenericReceive
                0x000136bc      0x22c ./freertos/queue.o
                0x000136bc                xQueueGenericReceive
 .text.vQueueDelete
                0x000138e8       0x38 ./freertos/queue.o
                0x000138e8                vQueueDelete
 .text.prvCopyDataToQueue
                0x00013920       0xd8 ./freertos/queue.o
 .text.prvCopyDataFromQueue
                0x000139f8       0x4c ./freertos/queue.o
 .text.prvUnlockQueue
                0x00013a44       0xa0 ./freertos/queue.o
 .text.prvIsQueueEmpty
                0x00013ae4       0x2c ./freertos/queue.o
 .text.prvIsQueueFull
                0x00013b10       0x30 ./freertos/queue.o
 .text.vQueueAddToRegistry
                0x00013b40       0x50 ./freertos/queue.o
                0x00013b40                vQueueAddToRegistry
 .text.vQueueUnregisterQueue
                0x00013b90       0x50 ./freertos/queue.o
                0x00013b90                vQueueUnregisterQueue
 .text.vQueueWaitForMessageRestricted
                0x00013be0       0x6c ./freertos/queue.o
                0x00013be0                vQueueWaitForMessageRestricted
 .text.xTaskCreate
                0x00013c4c       0x84 ./freertos/tasks.o
                0x00013c4c                xTaskCreate
 .text.prvInitialiseNewTask
                0x00013cd0      0x128 ./freertos/tasks.o
 .text.prvAddNewTaskToReadyList
                0x00013df8       0xdc ./freertos/tasks.o
 .text.vTaskDelay
                0x00013ed4       0x64 ./freertos/tasks.o
                0x00013ed4                vTaskDelay
 .text.vTaskSuspend
                0x00013f38      0x10c ./freertos/tasks.o
                0x00013f38                vTaskSuspend
 .text.vTaskStartScheduler
                0x00014044       0x94 ./freertos/tasks.o
                0x00014044                vTaskStartScheduler
 .text.vTaskSuspendAll
                0x000140d8       0x1c ./freertos/tasks.o
                0x000140d8                vTaskSuspendAll
 .text.xTaskResumeAll
                0x000140f4      0x138 ./freertos/tasks.o
                0x000140f4                xTaskResumeAll
 .text.xTaskGetTickCount
                0x0001422c       0x20 ./freertos/tasks.o
                0x0001422c                xTaskGetTickCount
 .text.xTaskGetTickCountFromISR
                0x0001424c       0x24 ./freertos/tasks.o
                0x0001424c                xTaskGetTickCountFromISR
 .text.xTaskIncrementTick
                0x00014270      0x15c ./freertos/tasks.o
                0x00014270                xTaskIncrementTick
 .text.vTaskSwitchContext
                0x000143cc       0xb4 ./freertos/tasks.o
                0x000143cc                vTaskSwitchContext
 .text.vTaskPlaceOnEventList
                0x00014480       0x44 ./freertos/tasks.o
                0x00014480                vTaskPlaceOnEventList
 .text.vTaskPlaceOnUnorderedEventList
                0x000144c4       0x74 ./freertos/tasks.o
                0x000144c4                vTaskPlaceOnUnorderedEventList
 .text.vTaskPlaceOnEventListRestricted
                0x00014538       0x54 ./freertos/tasks.o
                0x00014538                vTaskPlaceOnEventListRestricted
 .text.xTaskRemoveFromEventList
                0x0001458c       0xc4 ./freertos/tasks.o
                0x0001458c                xTaskRemoveFromEventList
 .text.xTaskRemoveFromUnorderedEventList
                0x00014650       0xcc ./freertos/tasks.o
                0x00014650                xTaskRemoveFromUnorderedEventList
 .text.vTaskSetTimeOutState
                0x0001471c       0x44 ./freertos/tasks.o
                0x0001471c                vTaskSetTimeOutState
 .text.xTaskCheckForTimeOut
                0x00014760       0xbc ./freertos/tasks.o
                0x00014760                xTaskCheckForTimeOut
 .text.vTaskMissedYield
                0x0001481c       0x18 ./freertos/tasks.o
                0x0001481c                vTaskMissedYield
 .text.prvIdleTask
                0x00014834       0x30 ./freertos/tasks.o
 .text.prvInitialiseTaskLists
                0x00014864       0x7c ./freertos/tasks.o
 .text.prvCheckTasksWaitingTermination
                0x000148e0       0x74 ./freertos/tasks.o
 .text.prvDeleteTCB
                0x00014954       0x20 ./freertos/tasks.o
 .text.prvResetNextTaskUnblockTime
                0x00014974       0x48 ./freertos/tasks.o
 .text.xTaskGetCurrentTaskHandle
                0x000149bc       0x20 ./freertos/tasks.o
                0x000149bc                xTaskGetCurrentTaskHandle
 .text.xTaskGetSchedulerState
                0x000149dc       0x3c ./freertos/tasks.o
                0x000149dc                xTaskGetSchedulerState
 .text.vTaskPriorityInherit
                0x00014a18       0xec ./freertos/tasks.o
                0x00014a18                vTaskPriorityInherit
 .text.xTaskPriorityDisinherit
                0x00014b04      0x108 ./freertos/tasks.o
                0x00014b04                xTaskPriorityDisinherit
 .text.uxTaskResetEventItemValue
                0x00014c0c       0x30 ./freertos/tasks.o
                0x00014c0c                uxTaskResetEventItemValue
 .text.pvTaskIncrementMutexHeldCount
                0x00014c3c       0x28 ./freertos/tasks.o
                0x00014c3c                pvTaskIncrementMutexHeldCount
 .text.prvAddCurrentTaskToDelayedList
                0x00014c64       0xc8 ./freertos/tasks.o
 .text.xTimerCreateTimerTask
                0x00014d2c       0x60 ./freertos/timers.o
                0x00014d2c                xTimerCreateTimerTask
 .text.xTimerGenericCommand
                0x00014d8c       0xa4 ./freertos/timers.o
                0x00014d8c                xTimerGenericCommand
 .text.prvProcessExpiredTimer
                0x00014e30       0x80 ./freertos/timers.o
 .text.prvTimerTask
                0x00014eb0       0x24 ./freertos/timers.o
 .text.prvProcessTimerOrBlockTask
                0x00014ed4       0x9c ./freertos/timers.o
 .text.prvGetNextExpireTime
                0x00014f70       0x48 ./freertos/timers.o
 .text.prvSampleTimeNow
                0x00014fb8       0x40 ./freertos/timers.o
 .text.prvInsertTimerInActiveList
                0x00014ff8       0x84 ./freertos/timers.o
 .text.prvProcessReceivedCommands
                0x0001507c      0x164 ./freertos/timers.o
 .text.prvSwitchTimerLists
                0x000151e0       0xc0 ./freertos/timers.o
 .text.prvCheckForValidListAndQueue
                0x000152a0       0x6c ./freertos/timers.o
 .text.xTimerPendFunctionCallFromISR
                0x0001530c       0x44 ./freertos/timers.o
                0x0001530c                xTimerPendFunctionCallFromISR
 .text.CLOCK_SetEr32kClock
                0x00015350       0x2c ./drivers/fsl_clock.o
 .text.CLOCK_SetPllFllSelClock
                0x0001537c       0x38 ./drivers/fsl_clock.o
 .text.OSC_SetExtRefClkConfig
                0x000153b4       0x40 ./drivers/fsl_clock.o
 .text.OSC_SetCapLoad
                0x000153f4       0x34 ./drivers/fsl_clock.o
 .text.CLOCK_GetMcgExtClkFreq
                0x00015428       0x8c ./drivers/fsl_clock.o
 .text.CLOCK_GetFllExtRefClkFreq
                0x000154b4       0xc8 ./drivers/fsl_clock.o
 .text.CLOCK_GetInternalRefClkSelectFreq
                0x0001557c       0x44 ./drivers/fsl_clock.o
 .text.CLOCK_GetFllRefClkFreq
                0x000155c0       0x2c ./drivers/fsl_clock.o
 .text.CLOCK_GetPll0RefFreq
                0x000155ec       0x10 ./drivers/fsl_clock.o
 .text.CLOCK_GetOscRangeFromFreq
                0x000155fc       0x3c ./drivers/fsl_clock.o
 .text.CLOCK_GetOsc0ErClkUndivFreq
                0x00015638       0x48 ./drivers/fsl_clock.o
                0x00015638                CLOCK_GetOsc0ErClkUndivFreq
 .text.CLOCK_GetOsc0ErClkDivFreq
                0x00015680       0x58 ./drivers/fsl_clock.o
                0x00015680                CLOCK_GetOsc0ErClkDivFreq
 .text.CLOCK_GetEr32kClkFreq
                0x000156d8       0x80 ./drivers/fsl_clock.o
                0x000156d8                CLOCK_GetEr32kClkFreq
 .text.CLOCK_GetPllFllSelClkFreq
                0x00015758       0x54 ./drivers/fsl_clock.o
                0x00015758                CLOCK_GetPllFllSelClkFreq
 .text.CLOCK_GetCoreSysClkFreq
                0x000157ac       0x24 ./drivers/fsl_clock.o
                0x000157ac                CLOCK_GetCoreSysClkFreq
 .text.CLOCK_GetFreq
                0x000157d0      0x14c ./drivers/fsl_clock.o
                0x000157d0                CLOCK_GetFreq
 .text.CLOCK_SetSimConfig
                0x0001591c       0x34 ./drivers/fsl_clock.o
                0x0001591c                CLOCK_SetSimConfig
 .text.CLOCK_GetOutClkFreq
                0x00015950       0x64 ./drivers/fsl_clock.o
                0x00015950                CLOCK_GetOutClkFreq
 .text.CLOCK_GetFllFreq
                0x000159b4       0x74 ./drivers/fsl_clock.o
                0x000159b4                CLOCK_GetFllFreq
 .text.CLOCK_GetInternalRefClkFreq
                0x00015a28       0x24 ./drivers/fsl_clock.o
                0x00015a28                CLOCK_GetInternalRefClkFreq
 .text.CLOCK_GetFixedFreqClkFreq
                0x00015a4c       0x30 ./drivers/fsl_clock.o
                0x00015a4c                CLOCK_GetFixedFreqClkFreq
 .text.CLOCK_GetPll0Freq
                0x00015a7c       0x78 ./drivers/fsl_clock.o
                0x00015a7c                CLOCK_GetPll0Freq
 .text.CLOCK_SetExternalRefClkConfig
                0x00015af4       0x6c ./drivers/fsl_clock.o
                0x00015af4                CLOCK_SetExternalRefClkConfig
 .text.CLOCK_SetInternalRefClkConfig
                0x00015b60      0x104 ./drivers/fsl_clock.o
                0x00015b60                CLOCK_SetInternalRefClkConfig
 .text.CLOCK_EnablePll0
                0x00015c64       0x94 ./drivers/fsl_clock.o
                0x00015c64                CLOCK_EnablePll0
 .text.CLOCK_InitOsc0
                0x00015cf8       0x8c ./drivers/fsl_clock.o
                0x00015cf8                CLOCK_InitOsc0
 .text.CLOCK_SetPbeMode
                0x00015d84       0xb8 ./drivers/fsl_clock.o
                0x00015d84                CLOCK_SetPbeMode
 .text.CLOCK_BootToPeeMode
                0x00015e3c       0x74 ./drivers/fsl_clock.o
                0x00015e3c                CLOCK_BootToPeeMode
 .text.__assert_func
                0x00015eb0       0x28 ./drivers/fsl_common.o
                0x00015eb0                __assert_func
 .text.CLOCK_EnableClock
                0x00015ed8       0x34 ./drivers/fsl_dmamux.o
 .text.DMAMUX_GetInstance
                0x00015f0c       0x50 ./drivers/fsl_dmamux.o
 .text.DMAMUX_Init
                0x00015f5c       0x20 ./drivers/fsl_dmamux.o
                0x00015f5c                DMAMUX_Init
 .text.NVIC_EnableIRQ
                0x00015f7c       0x30 ./drivers/fsl_dspi.o
 .text.CLOCK_EnableClock
                0x00015fac       0x34 ./drivers/fsl_dspi.o
 .text.EnableIRQ
                0x00015fe0       0x28 ./drivers/fsl_dspi.o
 .text.DSPI_Enable
                0x00016008       0x38 ./drivers/fsl_dspi.o
 .text.DSPI_GetStatusFlags
                0x00016040       0x18 ./drivers/fsl_dspi.o
 .text.DSPI_ClearStatusFlags
                0x00016058       0x1c ./drivers/fsl_dspi.o
 .text.DSPI_DisableInterrupts
                0x00016074       0x24 ./drivers/fsl_dspi.o
 .text.DSPI_SetMasterSlaveMode
                0x00016098       0x28 ./drivers/fsl_dspi.o
 .text.DSPI_IsMaster
                0x000160c0       0x1c ./drivers/fsl_dspi.o
 .text.DSPI_StartTransfer
                0x000160dc       0x20 ./drivers/fsl_dspi.o
 .text.DSPI_StopTransfer
                0x000160fc       0x20 ./drivers/fsl_dspi.o
 .text.DSPI_FlushFifo
                0x0001611c       0x3c ./drivers/fsl_dspi.o
 .text.DSPI_MasterGetFormattedCommand
                0x00016158       0x4c ./drivers/fsl_dspi.o
 .text.DSPI_ReadData
                0x000161a4       0x18 ./drivers/fsl_dspi.o
 .text.DSPI_GetInstance
                0x000161bc       0x58 ./drivers/fsl_dspi.o
                0x000161bc                DSPI_GetInstance
 .text.DSPI_MasterInit
                0x00016214      0x180 ./drivers/fsl_dspi.o
                0x00016214                DSPI_MasterInit
 .text.DSPI_MasterGetDefaultConfig
                0x00016394       0x94 ./drivers/fsl_dspi.o
                0x00016394                DSPI_MasterGetDefaultConfig
 .text.DSPI_SetOnePcsPolarity
                0x00016428       0x4c ./drivers/fsl_dspi.o
 .text.DSPI_MasterSetBaudRate
                0x00016474      0x120 ./drivers/fsl_dspi.o
                0x00016474                DSPI_MasterSetBaudRate
 .text.DSPI_MasterSetDelayScaler
                0x00016594       0xd0 ./drivers/fsl_dspi.o
                0x00016594                DSPI_MasterSetDelayScaler
 .text.DSPI_MasterSetDelayTimes
                0x00016664      0x12c ./drivers/fsl_dspi.o
                0x00016664                DSPI_MasterSetDelayTimes
 .text.DSPI_EnableInterrupts
                0x00016790       0x4c ./drivers/fsl_dspi.o
                0x00016790                DSPI_EnableInterrupts
 .text.DSPI_MasterTransferCreateHandle
                0x000167dc       0x60 ./drivers/fsl_dspi.o
                0x000167dc                DSPI_MasterTransferCreateHandle
 .text.DSPI_MasterTransferPrepare
                0x0001683c      0x164 ./drivers/fsl_dspi.o
 .text.DSPI_MasterTransferNonBlocking
                0x000169a0       0xbc ./drivers/fsl_dspi.o
                0x000169a0                DSPI_MasterTransferNonBlocking
 .text.DSPI_MasterTransferComplete
                0x00016a5c       0x78 ./drivers/fsl_dspi.o
 .text.DSPI_MasterTransferFillUpTxFifo
                0x00016ad4      0x1b0 ./drivers/fsl_dspi.o
 .text.DSPI_MasterTransferHandleIRQ
                0x00016c84      0x170 ./drivers/fsl_dspi.o
                0x00016c84                DSPI_MasterTransferHandleIRQ
 .text.DSPI_CommonIRQHandler
                0x00016df4       0x3c ./drivers/fsl_dspi.o
 .text.SPI0_DriverIRQHandler
                0x00016e30       0x3c ./drivers/fsl_dspi.o
                0x00016e30                SPI0_DriverIRQHandler
 .text.SPI1_DriverIRQHandler
                0x00016e6c       0x3c ./drivers/fsl_dspi.o
                0x00016e6c                SPI1_DriverIRQHandler
 .text.DSPI_GetStatusFlags
                0x00016ea8       0x18 ./drivers/fsl_dspi_edma.o
 .text.DSPI_ClearStatusFlags